Archive member included because of file (symbol)

c:/devkitPRO/libogc/lib/wii\libftimage.a(ftColor.o)
                              template.o (Color::Color(unsigned char, unsigned char, unsigned char))
c:/devkitPRO/libogc/lib/wii\libftimage.a(ftImage.o)
                              template.o (ftImage::printf(char const*, ...))
c:/devkitPRO/libogc/lib/wii\libftimage.a(ftText.o)
                              c:/devkitPRO/libogc/lib/wii\libftimage.a(ftImage.o) (TextRender::setColor(Color))
c:/devkitPRO/libogc/lib/wii\libftimage.a(rgbaImage.o)
                              c:/devkitPRO/libogc/lib/wii\libftimage.a(ftImage.o) (rgbaImage::pixel::operator~())
c:/devkitPRO/libogc/lib/wii\libwiisprite.a(gamewindow.o)
                              template.o (wsp::GameWindow::GameWindow())
c:/devkitPRO/libogc/lib/wii\libwiisprite.a(image.o)
                              c:/devkitPRO/libogc/lib/wii\libftimage.a(rgbaImage.o) (wsp::Image::Image())
c:/devkitPRO/libogc/lib/wii\libwiisprite.a(layer.o)
                              template.o (wsp::Layer::GetHeight() const)
c:/devkitPRO/libogc/lib/wii\libwiisprite.a(sprite.o)
                              template.o (wsp::Sprite::GetImage() const)
c:/devkitPRO/libogc/lib/wii\libwiisprite.a(tiledlayer.o)
                              c:/devkitPRO/libogc/lib/wii\libwiisprite.a(sprite.o) (wsp::TiledLayer::GetAnimatedTile(int) const)
c:/devkitPRO/libogc/lib/wii\libpng.a(png.o)
                              c:/devkitPRO/libogc/lib/wii\libwiisprite.a(image.o) (png_get_io_ptr)
c:/devkitPRO/libogc/lib/wii\libpng.a(pngerror.o)
                              c:/devkitPRO/libogc/lib/wii\libpng.a(png.o) (png_warning)
c:/devkitPRO/libogc/lib/wii\libpng.a(pngget.o)
                              c:/devkitPRO/libogc/lib/wii\libwiisprite.a(image.o) (png_get_valid)
c:/devkitPRO/libogc/lib/wii\libpng.a(pngmem.o)
                              c:/devkitPRO/libogc/lib/wii\libpng.a(png.o) (png_free)
c:/devkitPRO/libogc/lib/wii\libpng.a(pngread.o)
                              c:/devkitPRO/libogc/lib/wii\libwiisprite.a(image.o) (png_destroy_read_struct)
c:/devkitPRO/libogc/lib/wii\libpng.a(pngrio.o)
                              c:/devkitPRO/libogc/lib/wii\libwiisprite.a(image.o) (png_set_read_fn)
c:/devkitPRO/libogc/lib/wii\libpng.a(pngrtran.o)
                              c:/devkitPRO/libogc/lib/wii\libpng.a(pngread.o) (png_set_strip_16)
c:/devkitPRO/libogc/lib/wii\libpng.a(pngrutil.o)
                              c:/devkitPRO/libogc/lib/wii\libpng.a(pngread.o) (png_get_uint_31)
c:/devkitPRO/libogc/lib/wii\libpng.a(pngset.o)
                              c:/devkitPRO/libogc/lib/wii\libpng.a(pngrutil.o) (png_set_oFFs)
c:/devkitPRO/libogc/lib/wii\libpng.a(pngtrans.o)
                              c:/devkitPRO/libogc/lib/wii\libpng.a(pngread.o) (png_set_bgr)
c:/devkitPRO/libogc/lib/wii\libz.a(crc32.o)
                              c:/devkitPRO/libogc/lib/wii\libpng.a(png.o) (crc32)
c:/devkitPRO/libogc/lib/wii\libz.a(inflate.o)
                              c:/devkitPRO/libogc/lib/wii\libpng.a(png.o) (inflateReset)
c:/devkitPRO/libogc/lib/wii\libz.a(inftrees.o)
                              c:/devkitPRO/libogc/lib/wii\libz.a(inflate.o) (inflate_table)
c:/devkitPRO/libogc/lib/wii\libz.a(inffast.o)
                              c:/devkitPRO/libogc/lib/wii\libz.a(inflate.o) (inflate_fast)
c:/devkitPRO/libogc/lib/wii\libz.a(adler32.o)
                              c:/devkitPRO/libogc/lib/wii\libz.a(inflate.o) (adler32)
c:/devkitPRO/libogc/lib/wii\libz.a(zutil.o)
                              c:/devkitPRO/libogc/lib/wii\libz.a(inflate.o) (zcfree)
c:/devkitPRO/libogc/lib/wii\libfreetype.a(ftinit.o)
                              c:/devkitPRO/libogc/lib/wii\libftimage.a(ftText.o) (FT_Done_FreeType)
c:/devkitPRO/libogc/lib/wii\libfreetype.a(ftbase.o)
                              c:/devkitPRO/libogc/lib/wii\libfreetype.a(ftinit.o) (FT_Done_Library)
c:/devkitPRO/libogc/lib/wii\libfreetype.a(truetype.o)
                              c:/devkitPRO/libogc/lib/wii\libfreetype.a(ftinit.o) (tt_driver_class)
c:/devkitPRO/libogc/lib/wii\libfreetype.a(type1.o)
                              c:/devkitPRO/libogc/lib/wii\libfreetype.a(ftinit.o) (t1_driver_class)
c:/devkitPRO/libogc/lib/wii\libfreetype.a(sfnt.o)
                              c:/devkitPRO/libogc/lib/wii\libfreetype.a(ftinit.o) (sfnt_module_class)
c:/devkitPRO/libogc/lib/wii\libfreetype.a(autofit.o)
                              c:/devkitPRO/libogc/lib/wii\libfreetype.a(ftinit.o) (autofit_module_class)
c:/devkitPRO/libogc/lib/wii\libfreetype.a(pshinter.o)
                              c:/devkitPRO/libogc/lib/wii\libfreetype.a(ftinit.o) (pshinter_module_class)
c:/devkitPRO/libogc/lib/wii\libfreetype.a(raster.o)
                              c:/devkitPRO/libogc/lib/wii\libfreetype.a(ftinit.o) (ft_raster1_renderer_class)
c:/devkitPRO/libogc/lib/wii\libfreetype.a(smooth.o)
[...]
Memory Configuration

Name             Origin             Length             Attributes
*default*        0x00000000         0xffffffff

Linker script and memory map

                0x00003400                . = 0x3400

.stub
 *(.stub)
                0x80004000                . = 0x80004000

.init           0x80004000      0x208
 *crt0.o(*.init)
 .init          0x80004000      0x1e4 c:/devkitPRO/libogc/lib/wii\libogc.a(ogc_crt0.o)
                0x8000419c                _memset
                0x80004000                _start
                0x800041cc                video_line
 *(.init)
 .init          0x800041e4        0xc c:/devkitpro/devkitppc/bin/../lib/gcc/powerpc-gekko/4.2.4/ecrti.o
                0x800041e4                __init
 .init          0x800041f0        0x4 c:/devkitpro/devkitppc/bin/../lib/gcc/powerpc-gekko/4.2.4/crtbegin.o
 .init          0x800041f4        0x4 c:/devkitpro/devkitppc/bin/../lib/gcc/powerpc-gekko/4.2.4/crtend.o
 .init          0x800041f8       0x10 c:/devkitpro/devkitppc/bin/../lib/gcc/powerpc-gekko/4.2.4/ecrtn.o

.rela.dyn       0x80004208        0x0
 .rela.eh_frame
                0x00000000        0x0 c:/devkitpro/devkitppc/bin/../lib/gcc/powerpc-gekko/4.2.4/crtbegin.o
 .rela.gcc_except_table
                0x00000000        0x0 c:/devkitpro/devkitppc/bin/../lib/gcc/powerpc-gekko/4.2.4/crtbegin.o

.plt
 *(.plt)

.interp
 *(.interp)

.hash
 *(.hash)

.dynsym
 *(.dynsym)

.dynstr
 *(.dynstr)

.gnu.version
 *(.gnu.version)

.gnu.version_d
 *(.gnu.version_d)

.gnu.version_r
 *(.gnu.version_r)

.rel.init
 *(.rel.init)

.rela.init      0x80004208        0x0
 *(.rela.init)
 .rela.init     0x00000000        0x0 c:/devkitpro/devkitppc/bin/../lib/gcc/powerpc-gekko/4.2.4/crtbegin.o

.rel.text
 *(.rel.text .rel.text.* .rel.gnu.linkonce.t.*)

.rela.text      0x80004208        0x0
 *(.rela.text .rela.text.* .rela.gnu.linkonce.t.*)
 .rela.text     0x00000000        0x0 c:/devkitpro/devkitppc/bin/../lib/gcc/powerpc-gekko/4.2.4/crtbegin.o
 .rela.text._ZN7ftImageD0Ev
                0x00000000        0x0 c:/devkitpro/devkitppc/bin/../lib/gcc/powerpc-gekko/4.2.4/crtbegin.o
 .rela.text._ZN7ftImageD1Ev
                0x00000000        0x0 c:/devkitpro/devkitppc/bin/../lib/gcc/powerpc-gekko/4.2.4/crtbegin.o
 .rela.text._ZN7ftImageD2Ev
                0x00000000        0x0 c:/devkitpro/devkitppc/bin/../lib/gcc/powerpc-gekko/4.2.4/crtbegin.o
 .rela.text._ZN7ftImageC1Ejj
                0x00000000        0x0 c:/devkitpro/devkitppc/bin/../lib/gcc/powerpc-gekko/4.2.4/crtbegin.o
 .rela.text._ZN7ftImageC2Ejj
                0x00000000        0x0 c:/devkitpro/devkitppc/bin/../lib/gcc/powerpc-gekko/4.2.4/crtbegin.o
 .rela.text._ZN9rgbaImageD0Ev
                0x00000000        0x0 c:/devkitpro/devkitppc/bin/../lib/gcc/powerpc-gekko/4.2.4/crtbegin.o
 .rela.text._ZN9rgbaImageD1Ev
                0x00000000        0x0 c:/devkitpro/devkitppc/bin/../lib/gcc/powerpc-gekko/4.2.4/crtbegin.o
 .rela.text._ZN9rgbaImageD2Ev
                0x00000000        0x0 c:/devkitpro/devkitppc/bin/../lib/gcc/powerpc-gekko/4.2.4/crtbegin.o
 .rela.text._ZN9rgbaImageC1Ejj
                0x00000000        0x0 c:/devkitpro/devkitppc/bin/../lib/gcc/powerpc-gekko/4.2.4/crtbegin.o
 .rela.text._ZN9rgbaImageC2Ejj
                0x00000000        0x0 c:/devkitpro/devkitppc/bin/../lib/gcc/powerpc-gekko/4.2.4/crtbegin.o
 .rela.text._ZN3wsp10GameWindowC2Ev
                0x00000000        0x0 c:/devkitpro/devkitppc/bin/../lib/gcc/powerpc-gekko/4.2.4/crtbegin.o
 .rela.text._ZN3wsp10GameWindowC1Ev
                0x00000000        0x0 c:/devkitpro/devkitppc/bin/../lib/gcc/powerpc-gekko/4.2.4/crtbegin.o
 .rela.text._ZN3wsp10GameWindowD0Ev
                0x00000000        0x0 c:/devkitpro/devkitppc/bin/../lib/gcc/powerpc-gekko/4.2.4/crtbegin.o
 .rela.text._ZN3wsp10GameWindowD1Ev
                0x00000000        0x0 c:/devkitpro/devkitppc/bin/../lib/gcc/powerpc-gekko/4.2.4/crtbegin.o
 .rela.text._ZN3wsp10GameWindowD2Ev
                0x00000000        0x0 c:/devkitpro/devkitppc/bin/../lib/gcc/powerpc-gekko/4.2.4/crtbegin.o
 .rela.text._ZN3wsp5ImageC2Ev
                0x00000000        0x0 c:/devkitpro/devkitppc/bin/../lib/gcc/powerpc-gekko/4.2.4/crtbegin.o
 .rela.text._ZN3wsp5ImageC1Ev
                0x00000000        0x0 c:/devkitpro/devkitppc/bin/../lib/gcc/powerpc-gekko/4.2.4/crtbegin.o
 .rela.text._ZN3wsp5ImageD0Ev
                0x00000000        0x0 c:/devkitpro/devkitppc/bin/../lib/gcc/powerpc-gekko/4.2.4/crtbegin.o
 .rela.text._ZN3wsp5ImageD1Ev
                0x00000000        0x0 c:/devkitpro/devkitppc/bin/../lib/gcc/powerpc-gekko/4.2.4/crtbegin.o
 .rela.text._ZN3wsp5ImageD2Ev
                0x00000000        0x0 c:/devkitpro/devkitppc/bin/../lib/gcc/powerpc-gekko/4.2.4/crtbegin.o
 .rela.text._ZN3wsp5LayerC2Ev
                0x00000000        0x0 c:/devkitpro/devkitppc/bin/../lib/gcc/powerpc-gekko/4.2.4/crtbegin.o
 .rela.text._ZN3wsp5LayerC1Ev
                0x00000000        0x0 c:/devkitpro/devkitppc/bin/../lib/gcc/powerpc-gekko/4.2.4/crtbegin.o
 .rela.text._ZN3wsp5LayerD0Ev
                0x00000000        0x0 c:/devkitpro/devkitppc/bin/../lib/gcc/powerpc-gekko/4.2.4/crtbegin.o
 .rela.text._ZN3wsp5LayerD1Ev
                0x00000000        0x0 c:/devkitpro/devkitppc/bin/../lib/gcc/powerpc-gekko/4.2.4/crtbegin.o
 .rela.text._ZN3wsp5LayerD2Ev
                0x00000000        0x0 c:/devkitpro/devkitppc/bin/../lib/gcc/powerpc-gekko/4.2.4/crtbegin.o
 .rela.text._ZN3wsp6SpriteD0Ev
                0x00000000        0x0 c:/devkitpro/devkitppc/bin/../lib/gcc/powerpc-gekko/4.2.4/crtbegin.o
 .rela.text._ZN3wsp6SpriteD1Ev
                0x00000000        0x0 c:/devkitpro/devkitppc/bin/../lib/gcc/powerpc-gekko/4.2.4/crtbegin.o
 .rela.text._ZN3wsp6SpriteD2Ev
                0x00000000        0x0 c:/devkitpro/devkitppc/bin/../lib/gcc/powerpc-gekko/4.2.4/crtbegin.o
 .rela.text._ZN3wsp6SpriteC1Ev
                0x00000000        0x0 c:/devkitpro/devkitppc/bin/../lib/gcc/powerpc-gekko/4.2.4/crtbegin.o
 .rela.text._ZN3wsp6SpriteC2Ev
                0x00000000        0x0 c:/devkitpro/devkitppc/bin/../lib/gcc/powerpc-gekko/4.2.4/crtbegin.o
 .rela.text._ZN3wsp10TiledLayerD0Ev
                0x00000000        0x0 c:/devkitpro/devkitppc/bin/../lib/gcc/powerpc-gekko/4.2.4/crtbegin.o
 .rela.text._ZN3wsp10TiledLayerD1Ev
                0x00000000        0x0 c:/devkitpro/devkitppc/bin/../lib/gcc/powerpc-gekko/4.2.4/crtbegin.o
 .rela.text._ZN3wsp10TiledLayerD2Ev
                0x00000000        0x0 c:/devkitpro/devkitppc/bin/../lib/gcc/powerpc-gekko/4.2.4/crtbegin.o
 .rela.text._ZN3wsp10TiledLayerC1Eiij
                0x00000000        0x0 c:/devkitpro/devkitppc/bin/../lib/gcc/powerpc-gekko/4.2.4/crtbegin.o
 .rela.text._ZN3wsp10TiledLayerC2Eiij
                0x00000000        0x0 c:/devkitpro/devkitppc/bin/../lib/gcc/powerpc-gekko/4.2.4/crtbegin.o
 .rela.text.png_warning
                0x00000000        0x0 c:/devkitpro/devkitppc/bin/../lib/gcc/powerpc-gekko/4.2.4/crtbegin.o
 .rela.text.png_error
                0x00000000        0x0 c:/devkitpro/devkitppc/bin/../lib/gcc/powerpc-gekko/4.2.4/crtbegin.o
 .rela.text.png_handle_sRGB
                0x00000000        0x0 c:/devkitpro/devkitppc/bin/../lib/gcc/powerpc-gekko/4.2.4/crtbegin.o
 .rela.text.png_handle_cHRM
                0x00000000        0x0 c:/devkitpro/devkitppc/bin/../lib/gcc/powerpc-gekko/4.2.4/crtbegin.o
 .rela.text.png_handle_gAMA
                0x00000000        0x0 c:/devkitpro/devkitppc/bin/../lib/gcc/powerpc-gekko/4.2.4/crtbegin.o
 .rela.text.inflateInit2_
                0x00000000        0x0 c:/devkitpro/devkitppc/bin/../lib/gcc/powerpc-gekko/4.2.4/crtbegin.o
 .rela.text.MP3Player_PlayBuffer
                0x00000000        0x0 c:/devkitpro/devkitppc/bin/../lib/gcc/powerpc-gekko/4.2.4/crtbegin.o
 .rela.text.mad_layer_III
                0x00000000        0x0 c:/devkitpro/devkitppc/bin/../lib/gcc/powerpc-gekko/4.2.4/crtbegin.o
 .rela.text.wiiuse_init_cmd_queue
                0x00000000        0x0 c:/devkitpro/devkitppc/bin/../lib/gcc/powerpc-gekko/4.2.4/crtbegin.o
 .rela.text.wiiuse_init
                0x00000000        0x0 c:/devkitpro/devkitppc/bin/../lib/gcc/powerpc-gekko/4.2.4/crtbegin.o
 .rela.text.guitar_hero_3_handshake
                0x00000000        0x0 c:/devkitpro/devkitppc/bin/../lib/gcc/powerpc-gekko/4.2.4/crtbegin.o
 .rela.text.wiiuse_handshake_expansion
                0x00000000        0x0 c:/devkitpro/devkitppc/bin/../lib/gcc/powerpc-gekko/4.2.4/crtbegin.o
 .rela.text.wiiuse_handshake
                0x00000000        0x0 c:/devkitpro/devkitppc/bin/../lib/gcc/powerpc-gekko/4.2.4/crtbegin.o
 .rela.text.bt_alarmhandler
                0x00000000        0x0 c:/devkitpro/devkitppc/bin/../lib/gcc/powerpc-gekko/4.2.4/crtbegin.o
 .rela.text.fatUnmount
                0x00000000        0x0 c:/devkitpro/devkitppc/bin/../lib/gcc/powerpc-gekko/4.2.4/crtbegin.o
 .rela.text.fatInit
                0x00000000        0x0 c:/devkitpro/devkitppc/bin/../lib/gcc/powerpc-gekko/4.2.4/crtbegin.o
 .rela.text.get_io_wiisd
                0x00000000        0x0 c:/devkitpro/devkitppc/bin/../lib/gcc/powerpc-gekko/4.2.4/crtbegin.o
 .rela.text.get_io_usbstorage
                0x00000000        0x0 c:/devkitpro/devkitppc/bin/../lib/gcc/powerpc-gekko/4.2.4/crtbegin.o
 .rela.text._FAT_directory_mbsncasecmp
                0x00000000        0x0 c:/devkitpro/devkitppc/bin/../lib/gcc/powerpc-gekko/4.2.4/crtbegin.o
 .rela.text._FAT_directory_ucs2tombs
                0x00000000        0x0 c:/devkitpro/devkitppc/bin/../lib/gcc/powerpc-gekko/4.2.4/crtbegin.o
 .rela.text._FAT_directory_addEntry
                0x00000000        0x0 c:/devkitpro/devkitppc/bin/../lib/gcc/powerpc-gekko/4.2.4/crtbegin.o
 .rela.text.__lwp_rotate_readyqueue
                0x00000000        0x0 c:/devkitpro/devkitppc/bin/../lib/gcc/powerpc-gekko/4.2.4/crtbegin.o
 .rela.text.__lwp_thread_setstate
                0x00000000        0x0 c:/devkitpro/devkitppc/bin/../lib/gcc/powerpc-gekko/4.2.4/crtbegin.o
 .rela.text.__lwp_thread_setpriority
                0x00000000        0x0 c:/devkitpro/devkitppc/bin/../lib/gcc/powerpc-gekko/4.2.4/crtbegin.o
 .rela.text.__lwp_thread_ready
                0x00000000        0x0 c:/devkitpro/devkitppc/bin/../lib/gcc/powerpc-gekko/4.2.4/crtbegin.o
 .rela.text.__lwp_thread_close
                0x00000000        0x0 c:/devkitpro/devkitppc/bin/../lib/gcc/powerpc-gekko/4.2.4/crtbegin.o
 .rela.text.__lwp_thread_stopmultitasking
                0x00000000        0x0 c:/devkitpro/devkitppc/bin/../lib/gcc/powerpc-gekko/4.2.4/crtbegin.o
 .rela.text.__lwp_thread_startmultitasking
                0x00000000        0x0 c:/devkitpro/devkitppc/bin/../lib/gcc/powerpc-gekko/4.2.4/crtbegin.o
 .rela.text.__lwp_thread_closeall
                0x00000000        0x0 c:/devkitpro/devkitppc/bin/../lib/gcc/powerpc-gekko/4.2.4/crtbegin.o
 .rela.text.__lwp_thread_changepriority
                0x00000000        0x0 c:/devkitpro/devkitppc/bin/../lib/gcc/powerpc-gekko/4.2.4/crtbegin.o
 .rela.text.__lwp_thread_coreinit
                0x00000000        0x0 c:/devkitpro/devkitppc/bin/../lib/gcc/powerpc-gekko/4.2.4/crtbegin.o
 .rela.text.__lwp_thread_suspend
                0x00000000        0x0 c:/devkitpro/devkitppc/bin/../lib/gcc/powerpc-gekko/4.2.4/crtbegin.o
 .rela.text.__lwp_thread_context
                0x00000000        0x0 c:/devkitpro/devkitppc/bin/../lib/gcc/powerpc-gekko/4.2.4/crtbegin.o
 .rela.text.__lwp_thread_exists
                0x00000000        0x0 c:/devkitpro/devkitppc/bin/../lib/gcc/powerpc-gekko/4.2.4/crtbegin.o
 .rela.text.__lwp_thread_isalive
                0x00000000        0x0 c:/devkitpro/devkitppc/bin/../lib/gcc/powerpc-gekko/4.2.4/crtbegin.o
 .rela.text.__lwp_sysinit
                0x00000000        0x0 c:/devkitpro/devkitppc/bin/../lib/gcc/powerpc-gekko/4.2.4/crtbegin.o
 .rela.text.LWP_ThreadSignal
                0x00000000        0x0 c:/devkitpro/devkitppc/bin/../lib/gcc/powerpc-gekko/4.2.4/crtbegin.o
 .rela.text.LWP_ThreadBroadcast
                0x00000000        0x0 c:/devkitpro/devkitppc/bin/../lib/gcc/powerpc-gekko/4.2.4/crtbegin.o
 .rela.text.LWP_ThreadSleep
                0x00000000        0x0 c:/devkitpro/devkitppc/bin/../lib/gcc/powerpc-gekko/4.2.4/crtbegin.o
 .rela.text.LWP_CloseQueue
                0x00000000        0x0 c:/devkitpro/devkitppc/bin/../lib/gcc/powerpc-gekko/4.2.4/crtbegin.o
 .rela.text.LWP_InitQueue
                0x00000000        0x0 c:/devkitpro/devkitppc/bin/../lib/gcc/powerpc-gekko/4.2.4/crtbegin.o
 .rela.text.LWP_JoinThread
                0x00000000        0x0 c:/devkitpro/devkitppc/bin/../lib/gcc/powerpc-gekko/4.2.4/crtbegin.o
 .rela.text.LWP_ThreadIsSuspended
                0x00000000        0x0 c:/devkitpro/devkitppc/bin/../lib/gcc/powerpc-gekko/4.2.4/crtbegin.o
 .rela.text.LWP_SetThreadPriority
                0x00000000        0x0 c:/devkitpro/devkitppc/bin/../lib/gcc/powerpc-gekko/4.2.4/crtbegin.o
 .rela.text.LWP_ResumeThread
                0x00000000        0x0 c:/devkitpro/devkitppc/bin/../lib/gcc/powerpc-gekko/4.2.4/crtbegin.o
 .rela.text.LWP_SuspendThread
                0x00000000        0x0 c:/devkitpro/devkitppc/bin/../lib/gcc/powerpc-gekko/4.2.4/crtbegin.o
 .rela.text.LWP_CreateThread
                0x00000000        0x0 c:/devkitpro/devkitppc/bin/../lib/gcc/powerpc-gekko/4.2.4/crtbegin.o
 .rela.text.__lwp_stack_free
                0x00000000        0x0 c:/devkitpro/devkitppc/bin/../lib/gcc/powerpc-gekko/4.2.4/crtbegin.o
 .rela.text.__lwp_stack_allocate
                0x00000000        0x0 c:/devkitpro/devkitppc/bin/../lib/gcc/powerpc-gekko/4.2.4/crtbegin.o
 .rela.text.__lwp_watchdog_init
                0x00000000        0x0 c:/devkitpro/devkitppc/bin/../lib/gcc/powerpc-gekko/4.2.4/crtbegin.o
 .rela.text.__lwp_wd_tickle
                0x00000000        0x0 c:/devkitpro/devkitppc/bin/../lib/gcc/powerpc-gekko/4.2.4/crtbegin.o
 .rela.text.__lwp_wkspace_init
                0x00000000        0x0 c:/devkitpro/devkitppc/bin/../lib/gcc/powerpc-gekko/4.2.4/crtbegin.o
 .rela.text.__lwp_wkspace_heapused
                0x00000000        0x0 c:/devkitpro/devkitppc/bin/../lib/gcc/powerpc-gekko/4.2.4/crtbegin.o
 .rela.text.__lwp_wkspace_heapfree
                0x00000000        0x0 c:/devkitpro/devkitppc/bin/../lib/gcc/powerpc-gekko/4.2.4/crtbegin.o
 .rela.text.__lwp_objmgr_initinfo
                0x00000000        0x0 c:/devkitpro/devkitppc/bin/../lib/gcc/powerpc-gekko/4.2.4/crtbegin.o
 .rela.text.__irq_init
                0x00000000        0x0 c:/devkitpro/devkitppc/bin/../lib/gcc/powerpc-gekko/4.2.4/crtbegin.o
 .rela.text.__lwp_mutex_init
                0x00000000        0x0 c:/devkitpro/devkitppc/bin/../lib/gcc/powerpc-gekko/4.2.4/crtbegin.o
 .rela.text.LWP_MutexDestroy
                0x00000000        0x0 c:/devkitpro/devkitppc/bin/../lib/gcc/powerpc-gekko/4.2.4/crtbegin.o
 .rela.text.LWP_MutexUnlock
                0x00000000        0x0 c:/devkitpro/devkitppc/bin/../lib/gcc/powerpc-gekko/4.2.4/crtbegin.o
 .rela.text.__lwp_mutex_locksupp
                0x00000000        0x0 c:/devkitpro/devkitppc/bin/../lib/gcc/powerpc-gekko/4.2.4/crtbegin.o
 .rela.text.LWP_MutexInit
                0x00000000        0x0 c:/devkitpro/devkitppc/bin/../lib/gcc/powerpc-gekko/4.2.4/crtbegin.o
 .rela.text.__sram_sync
                0x00000000        0x0 c:/devkitpro/devkitppc/bin/../lib/gcc/powerpc-gekko/4.2.4/crtbegin.o
 .rela.text.__locksram
                0x00000000        0x0 c:/devkitpro/devkitppc/bin/../lib/gcc/powerpc-gekko/4.2.4/crtbegin.o
 .rela.text.__sram_init
                0x00000000        0x0 c:/devkitpro/devkitppc/bin/../lib/gcc/powerpc-gekko/4.2.4/crtbegin.o
 .rela.text.SYS_Init
                0x00000000        0x0 c:/devkitpro/devkitppc/bin/../lib/gcc/powerpc-gekko/4.2.4/crtbegin.o
 .rela.text.__unlocksram
                0x00000000        0x0 c:/devkitpro/devkitppc/bin/../lib/gcc/powerpc-gekko/4.2.4/crtbegin.o
 .rela.text.__sram_writecallback
                0x00000000        0x0 c:/devkitpro/devkitppc/bin/../lib/gcc/powerpc-gekko/4.2.4/crtbegin.o
 .rela.text.SYS_CancelAlarm
                0x00000000        0x0 c:/devkitpro/devkitppc/bin/../lib/gcc/powerpc-gekko/4.2.4/crtbegin.o
 .rela.text.SYS_RemoveAlarm
                0x00000000        0x0 c:/devkitpro/devkitppc/bin/../lib/gcc/powerpc-gekko/4.2.4/crtbegin.o
 .rela.text.SYS_SetAlarm
                0x00000000        0x0 c:/devkitpro/devkitppc/bin/../lib/gcc/powerpc-gekko/4.2.4/crtbegin.o
 .rela.text.__sys_alarmhandler
                0x00000000        0x0 c:/devkitpro/devkitppc/bin/../lib/gcc/powerpc-gekko/4.2.4/crtbegin.o
 .rela.text.SYS_SetPeriodicAlarm
                0x00000000        0x0 c:/devkitpro/devkitppc/bin/../lib/gcc/powerpc-gekko/4.2.4/crtbegin.o
 .rela.text.__lwp_cond_init
                0x00000000        0x0 c:/devkitpro/devkitppc/bin/../lib/gcc/powerpc-gekko/4.2.4/crtbegin.o
 .rela.text.LWP_CondDestroy
                0x00000000        0x0 c:/devkitpro/devkitppc/bin/../lib/gcc/powerpc-gekko/4.2.4/crtbegin.o
 .rela.text.LWP_CondInit
                0x00000000        0x0 c:/devkitpro/devkitppc/bin/../lib/gcc/powerpc-gekko/4.2.4/crtbegin.o
 .rela.text.__lwp_cond_signalsupp
                0x00000000        0x0 c:/devkitpro/devkitppc/bin/../lib/gcc/powerpc-gekko/4.2.4/crtbegin.o
 .rela.text.__lwp_cond_waitsupp
                0x00000000        0x0 c:/devkitpro/devkitppc/bin/../lib/gcc/powerpc-gekko/4.2.4/crtbegin.o
 .rela.text.GX_EndDispList
                0x00000000        0x0 c:/devkitpro/devkitppc/bin/../lib/gcc/powerpc-gekko/4.2.4/crtbegin.o
 .rela.text.GX_BeginDispList
                0x00000000        0x0 c:/devkitpro/devkitppc/bin/../lib/gcc/powerpc-gekko/4.2.4/crtbegin.o
 .rela.text.c_decrementer_handler
                0x00000000        0x0 c:/devkitpro/devkitppc/bin/../lib/gcc/powerpc-gekko/4.2.4/crtbegin.o
 .rela.text.__lwp_mqbox_init
                0x00000000        0x0 c:/devkitpro/devkitppc/bin/../lib/gcc/powerpc-gekko/4.2.4/crtbegin.o
 .rela.text.MQ_Close
                0x00000000        0x0 c:/devkitpro/devkitppc/bin/../lib/gcc/powerpc-gekko/4.2.4/crtbegin.o
 .rela.text.MQ_Init
                0x00000000        0x0 c:/devkitpro/devkitppc/bin/../lib/gcc/powerpc-gekko/4.2.4/crtbegin.o
 .rela.text.MQ_Jam
                0x00000000        0x0 c:/devkitpro/devkitppc/bin/../lib/gcc/powerpc-gekko/4.2.4/crtbegin.o
 .rela.text.MQ_Receive
                0x00000000        0x0 c:/devkitpro/devkitppc/bin/../lib/gcc/powerpc-gekko/4.2.4/crtbegin.o
 .rela.text.MQ_Send
                0x00000000        0x0 c:/devkitpro/devkitppc/bin/../lib/gcc/powerpc-gekko/4.2.4/crtbegin.o
 .rela.text.__ios_ioctlvformat_parse
                0x00000000        0x0 c:/devkitpro/devkitppc/bin/../lib/gcc/powerpc-gekko/4.2.4/crtbegin.o
 .rela.text.__ioctlvfmtCB
                0x00000000        0x0 c:/devkitpro/devkitppc/bin/../lib/gcc/powerpc-gekko/4.2.4/crtbegin.o
 .rela.text.IOS_IoctlvFormatAsync
                0x00000000        0x0 c:/devkitpro/devkitppc/bin/../lib/gcc/powerpc-gekko/4.2.4/crtbegin.o
 .rela.text.IOS_IoctlvFormat
                0x00000000        0x0 c:/devkitpro/devkitppc/bin/../lib/gcc/powerpc-gekko/4.2.4/crtbegin.o
 .rela.text.nanosleep
                0x00000000        0x0 c:/devkitpro/devkitppc/bin/../lib/gcc/powerpc-gekko/4.2.4/crtbegin.o
 .rela.text.__libc_init
                0x00000000        0x0 c:/devkitpro/devkitppc/bin/../lib/gcc/powerpc-gekko/4.2.4/crtbegin.o
 .rela.text.__libc_wrapup
                0x00000000        0x0 c:/devkitpro/devkitppc/bin/../lib/gcc/powerpc-gekko/4.2.4/crtbegin.o
 .rela.text.__libc_delete_hook
                0x00000000        0x0 c:/devkitpro/devkitppc/bin/../lib/gcc/powerpc-gekko/4.2.4/crtbegin.o
 .rela.text.__CheckARGV
                0x00000000        0x0 c:/devkitpro/devkitppc/bin/../lib/gcc/powerpc-gekko/4.2.4/crtbegin.o
 .rela.text.__lwp_priority_init
                0x00000000        0x0 c:/devkitpro/devkitppc/bin/../lib/gcc/powerpc-gekko/4.2.4/crtbegin.o
 .rela.text.__lwp_threadqueue_extractpriority
                0x00000000        0x0 c:/devkitpro/devkitppc/bin/../lib/gcc/powerpc-gekko/4.2.4/crtbegin.o
 .rela.text.__lwp_threadqueue_extractfifo
                0x00000000        0x0 c:/devkitpro/devkitppc/bin/../lib/gcc/powerpc-gekko/4.2.4/crtbegin.o
 .rela.text.__lwp_threadqueue_dequeuepriority
                0x00000000        0x0 c:/devkitpro/devkitppc/bin/../lib/gcc/powerpc-gekko/4.2.4/crtbegin.o
 .rela.text.__lwp_threadqueue_enqueuepriority
                0x00000000        0x0 c:/devkitpro/devkitppc/bin/../lib/gcc/powerpc-gekko/4.2.4/crtbegin.o
 .rela.text.__lwp_threadqueue_dequeuefifo
                0x00000000        0x0 c:/devkitpro/devkitppc/bin/../lib/gcc/powerpc-gekko/4.2.4/crtbegin.o
 .rela.text.__lwp_threadqueue_enqueuefifo
                0x00000000        0x0 c:/devkitpro/devkitppc/bin/../lib/gcc/powerpc-gekko/4.2.4/crtbegin.o
 .rela.text.__lwp_threadqueue_enqueue
                0x00000000        0x0 c:/devkitpro/devkitppc/bin/../lib/gcc/powerpc-gekko/4.2.4/crtbegin.o
 .rela.text.__lwpmq_close
                0x00000000        0x0 c:/devkitpro/devkitppc/bin/../lib/gcc/powerpc-gekko/4.2.4/crtbegin.o
 .rela.text.__lwpmq_initialize
                0x00000000        0x0 c:/devkitpro/devkitppc/bin/../lib/gcc/powerpc-gekko/4.2.4/crtbegin.o
 .rela.text.__exception_sethandler
                0x00000000        0x0 c:/devkitpro/devkitppc/bin/../lib/gcc/powerpc-gekko/4.2.4/crtbegin.o
 .rela.text.__exception_init
                0x00000000        0x0 c:/devkitpro/devkitppc/bin/../lib/gcc/powerpc-gekko/4.2.4/crtbegin.o
 .rela.text.__systemcall_init
                0x00000000        0x0 c:/devkitpro/devkitppc/bin/../lib/gcc/powerpc-gekko/4.2.4/crtbegin.o
 .rela.text.__lwp_sema_init
                0x00000000        0x0 c:/devkitpro/devkitppc/bin/../lib/gcc/powerpc-gekko/4.2.4/crtbegin.o
 .rela.text.LWP_SemInit
                0x00000000        0x0 c:/devkitpro/devkitppc/bin/../lib/gcc/powerpc-gekko/4.2.4/crtbegin.o
 .rela.text.LWP_SemDestroy
                0x00000000        0x0 c:/devkitpro/devkitppc/bin/../lib/gcc/powerpc-gekko/4.2.4/crtbegin.o
 .rela.text.LWP_SemPost
                0x00000000        0x0 c:/devkitpro/devkitppc/bin/../lib/gcc/powerpc-gekko/4.2.4/crtbegin.o
 .rela.text.LWP_SemWait
                0x00000000        0x0 c:/devkitpro/devkitppc/bin/../lib/gcc/powerpc-gekko/4.2.4/crtbegin.o
 .rela.text.kprintf
                0x00000000        0x0 c:/devkitpro/devkitppc/bin/../lib/gcc/powerpc-gekko/4.2.4/crtbegin.o
 .rela.text.CON_EnableGecko
                0x00000000        0x0 c:/devkitpro/devkitppc/bin/../lib/gcc/powerpc-gekko/4.2.4/crtbegin.o
 .rela.text.__console_init_ex
                0x00000000        0x0 c:/devkitpro/devkitppc/bin/../lib/gcc/powerpc-gekko/4.2.4/crtbegin.o
 .rela.text.__console_init
                0x00000000        0x0 c:/devkitpro/devkitppc/bin/../lib/gcc/powerpc-gekko/4.2.4/crtbegin.o
 .rela.text.__cxa_call_unexpected
                0x00000000        0x0 c:/devkitpro/devkitppc/bin/../lib/gcc/powerpc-gekko/4.2.4/crtbegin.o
 .rela.text._ZSt13set_terminatePFvvE
                0x00000000        0x0 c:/devkitpro/devkitppc/bin/../lib/gcc/powerpc-gekko/4.2.4/crtbegin.o
 .rela.text._ZSt14set_unexpectedPFvvE
                0x00000000        0x0 c:/devkitpro/devkitppc/bin/../lib/gcc/powerpc-gekko/4.2.4/crtbegin.o
 .rela.text._ZSt9terminatev
                0x00000000        0x0 c:/devkitpro/devkitppc/bin/../lib/gcc/powerpc-gekko/4.2.4/crtbegin.o
 .rela.text._ZSt10unexpectedv
                0x00000000        0x0 c:/devkitpro/devkitppc/bin/../lib/gcc/powerpc-gekko/4.2.4/crtbegin.o
 .rela.text.__cxa_throw
                0x00000000        0x0 c:/devkitpro/devkitppc/bin/../lib/gcc/powerpc-gekko/4.2.4/crtbegin.o
 .rela.text._Znwj
                0x00000000        0x0 c:/devkitpro/devkitppc/bin/../lib/gcc/powerpc-gekko/4.2.4/crtbegin.o
 .rela.text._ZNSt9type_infoD0Ev
                0x00000000        0x0 c:/devkitpro/devkitppc/bin/../lib/gcc/powerpc-gekko/4.2.4/crtbegin.o
 .rela.text._ZNSt9type_infoD1Ev
                0x00000000        0x0 c:/devkitpro/devkitppc/bin/../lib/gcc/powerpc-gekko/4.2.4/crtbegin.o
 .rela.text._ZNSt9type_infoD2Ev
                0x00000000        0x0 c:/devkitpro/devkitppc/bin/../lib/gcc/powerpc-gekko/4.2.4/crtbegin.o
 .rela.text._ZN10__cxxabiv117__class_type_infoD0Ev
                0x00000000        0x0 c:/devkitpro/devkitppc/bin/../lib/gcc/powerpc-gekko/4.2.4/crtbegin.o
 .rela.text._ZN10__cxxabiv117__class_type_infoD1Ev
                0x00000000        0x0 c:/devkitpro/devkitppc/bin/../lib/gcc/powerpc-gekko/4.2.4/crtbegin.o
 .rela.text._ZN10__cxxabiv117__class_type_infoD2Ev
                0x00000000        0x0 c:/devkitpro/devkitppc/bin/../lib/gcc/powerpc-gekko/4.2.4/crtbegin.o
 .rela.text._ZN10__cxxabiv121__vmi_class_type_infoD0Ev
                0x00000000        0x0 c:/devkitpro/devkitppc/bin/../lib/gcc/powerpc-gekko/4.2.4/crtbegin.o
 .rela.text._ZN10__cxxabiv121__vmi_class_type_infoD1Ev
                0x00000000        0x0 c:/devkitpro/devkitppc/bin/../lib/gcc/powerpc-gekko/4.2.4/crtbegin.o
 .rela.text._ZN10__cxxabiv121__vmi_class_type_infoD2Ev
                0x00000000        0x0 c:/devkitpro/devkitppc/bin/../lib/gcc/powerpc-gekko/4.2.4/crtbegin.o
 .rela.text._ZN10__cxxabiv120__si_class_type_infoD0Ev
                0x00000000        0x0 c:/devkitpro/devkitppc/bin/../lib/gcc/powerpc-gekko/4.2.4/crtbegin.o
 .rela.text._ZN10__cxxabiv120__si_class_type_infoD1Ev
                0x00000000        0x0 c:/devkitpro/devkitppc/bin/../lib/gcc/powerpc-gekko/4.2.4/crtbegin.o
 .rela.text._ZN10__cxxabiv120__si_class_type_infoD2Ev
                0x00000000        0x0 c:/devkitpro/devkitppc/bin/../lib/gcc/powerpc-gekko/4.2.4/crtbegin.o
 .rela.text._ZNSt10bad_typeidD0Ev
                0x00000000        0x0 c:/devkitpro/devkitppc/bin/../lib/gcc/powerpc-gekko/4.2.4/crtbegin.o
 .rela.text._ZNSt10bad_typeidD1Ev
                0x00000000        0x0 c:/devkitpro/devkitppc/bin/../lib/gcc/powerpc-gekko/4.2.4/crtbegin.o
 .rela.text._ZNSt10bad_typeidD2Ev
                0x00000000        0x0 c:/devkitpro/devkitppc/bin/../lib/gcc/powerpc-gekko/4.2.4/crtbegin.o
 .rela.text._ZNSt8bad_castD0Ev
                0x00000000        0x0 c:/devkitpro/devkitppc/bin/../lib/gcc/powerpc-gekko/4.2.4/crtbegin.o
 .rela.text._ZNSt8bad_castD1Ev
                0x00000000        0x0 c:/devkitpro/devkitppc/bin/../lib/gcc/powerpc-gekko/4.2.4/crtbegin.o
 .rela.text._ZNSt8bad_castD2Ev
                0x00000000        0x0 c:/devkitpro/devkitppc/bin/../lib/gcc/powerpc-gekko/4.2.4/crtbegin.o
 .rela.text._ZN9__gnu_cxx27__verbose_terminate_handlerEv
                0x00000000        0x0 c:/devkitpro/devkitppc/bin/../lib/gcc/powerpc-gekko/4.2.4/crtbegin.o
 .rela.text._ZNSt9exceptionD0Ev
                0x00000000        0x0 c:/devkitpro/devkitppc/bin/../lib/gcc/powerpc-gekko/4.2.4/crtbegin.o
 .rela.text._ZNSt9exceptionD1Ev
                0x00000000        0x0 c:/devkitpro/devkitppc/bin/../lib/gcc/powerpc-gekko/4.2.4/crtbegin.o
 .rela.text._ZNSt9exceptionD2Ev
                0x00000000        0x0 c:/devkitpro/devkitppc/bin/../lib/gcc/powerpc-gekko/4.2.4/crtbegin.o
 .rela.text._ZNSt13bad_exceptionD0Ev
                0x00000000        0x0 c:/devkitpro/devkitppc/bin/../lib/gcc/powerpc-gekko/4.2.4/crtbegin.o
 .rela.text._ZNSt13bad_exceptionD1Ev
                0x00000000        0x0 c:/devkitpro/devkitppc/bin/../lib/gcc/powerpc-gekko/4.2.4/crtbegin.o
 .rela.text._ZNSt13bad_exceptionD2Ev
                0x00000000        0x0 c:/devkitpro/devkitppc/bin/../lib/gcc/powerpc-gekko/4.2.4/crtbegin.o
 .rela.text._ZNSt9bad_allocD0Ev
                0x00000000        0x0 c:/devkitpro/devkitppc/bin/../lib/gcc/powerpc-gekko/4.2.4/crtbegin.o
 .rela.text._ZNSt9bad_allocD1Ev
                0x00000000        0x0 c:/devkitpro/devkitppc/bin/../lib/gcc/powerpc-gekko/4.2.4/crtbegin.o
 .rela.text._ZNSt9bad_allocD2Ev
                0x00000000        0x0 c:/devkitpro/devkitppc/bin/../lib/gcc/powerpc-gekko/4.2.4/crtbegin.o

.rel.fini
 *(.rel.fini)

.rela.fini
 *(.rela.fini)

.rel.rodata
 *(.rel.rodata .rel.rodata.* .rel.gnu.linkonce.r.*)

.rela.rodata    0x80004208        0x0
 *(.rela.rodata .rela.rodata.* .rela.gnu.linkonce.r.*)
 .rela.rodata._ZTV7ftImage
                0x00000000        0x0 c:/devkitpro/devkitppc/bin/../lib/gcc/powerpc-gekko/4.2.4/crtbegin.o
 .rela.rodata._ZTI7ftImage
                0x00000000        0x0 c:/devkitpro/devkitppc/bin/../lib/gcc/powerpc-gekko/4.2.4/crtbegin.o
 .rela.rodata._ZTV9rgbaImage
                0x00000000        0x0 c:/devkitpro/devkitppc/bin/../lib/gcc/powerpc-gekko/4.2.4/crtbegin.o
 .rela.rodata._ZTI9rgbaImage
                0x00000000        0x0 c:/devkitpro/devkitppc/bin/../lib/gcc/powerpc-gekko/4.2.4/crtbegin.o
 .rela.rodata._ZTVN3wsp10GameWindowE
                0x00000000        0x0 c:/devkitpro/devkitppc/bin/../lib/gcc/powerpc-gekko/4.2.4/crtbegin.o
 .rela.rodata._ZTVN3wsp5ImageE
                0x00000000        0x0 c:/devkitpro/devkitppc/bin/../lib/gcc/powerpc-gekko/4.2.4/crtbegin.o
 .rela.rodata._ZTVN3wsp5LayerE
                0x00000000        0x0 c:/devkitpro/devkitppc/bin/../lib/gcc/powerpc-gekko/4.2.4/crtbegin.o
 .rela.rodata._ZTVN3wsp6SpriteE
                0x00000000        0x0 c:/devkitpro/devkitppc/bin/../lib/gcc/powerpc-gekko/4.2.4/crtbegin.o
 .rela.rodata._ZTIN3wsp6SpriteE
                0x00000000        0x0 c:/devkitpro/devkitppc/bin/../lib/gcc/powerpc-gekko/4.2.4/crtbegin.o
 .rela.rodata._ZTVN3wsp10TiledLayerE
                0x00000000        0x0 c:/devkitpro/devkitppc/bin/../lib/gcc/powerpc-gekko/4.2.4/crtbegin.o
 .rela.rodata._ZTIN3wsp10TiledLayerE
                0x00000000        0x0 c:/devkitpro/devkitppc/bin/../lib/gcc/powerpc-gekko/4.2.4/crtbegin.o
 .rela.rodata   0x00000000        0x0 c:/devkitpro/devkitppc/bin/../lib/gcc/powerpc-gekko/4.2.4/crtbegin.o
 .rela.rodata.decoder_table
                0x00000000        0x0 c:/devkitpro/devkitppc/bin/../lib/gcc/powerpc-gekko/4.2.4/crtbegin.o
 .rela.rodata.dotab_fat
                0x00000000        0x0 c:/devkitpro/devkitppc/bin/../lib/gcc/powerpc-gekko/4.2.4/crtbegin.o
 .rela.rodata._ZTVN10__cxxabiv121__vmi_class_type_infoE
                0x00000000        0x0 c:/devkitpro/devkitppc/bin/../lib/gcc/powerpc-gekko/4.2.4/crtbegin.o
 .rela.rodata._ZTVN10__cxxabiv120__si_class_type_infoE
                0x00000000        0x0 c:/devkitpro/devkitppc/bin/../lib/gcc/powerpc-gekko/4.2.4/crtbegin.o
 .rela.rodata._ZTVN10__cxxabiv117__class_type_infoE
                0x00000000        0x0 c:/devkitpro/devkitppc/bin/../lib/gcc/powerpc-gekko/4.2.4/crtbegin.o
 .rela.rodata._ZTVSt10bad_typeid
                0x00000000        0x0 c:/devkitpro/devkitppc/bin/../lib/gcc/powerpc-gekko/4.2.4/crtbegin.o
 .rela.rodata._ZTVSt8bad_cast
                0x00000000        0x0 c:/devkitpro/devkitppc/bin/../lib/gcc/powerpc-gekko/4.2.4/crtbegin.o
 .rela.rodata._ZTVSt9type_info
                0x00000000        0x0 c:/devkitpro/devkitppc/bin/../lib/gcc/powerpc-gekko/4.2.4/crtbegin.o
 .rela.rodata._ZTIN10__cxxabiv121__vmi_class_type_infoE
                0x00000000        0x0 c:/devkitpro/devkitppc/bin/../lib/gcc/powerpc-gekko/4.2.4/crtbegin.o
 .rela.rodata._ZTIN10__cxxabiv120__si_class_type_infoE
                0x00000000        0x0 c:/devkitpro/devkitppc/bin/../lib/gcc/powerpc-gekko/4.2.4/crtbegin.o
 .rela.rodata._ZTIN10__cxxabiv117__class_type_infoE
                0x00000000        0x0 c:/devkitpro/devkitppc/bin/../lib/gcc/powerpc-gekko/4.2.4/crtbegin.o
 .rela.rodata._ZTISt10bad_typeid
                0x00000000        0x0 c:/devkitpro/devkitppc/bin/../lib/gcc/powerpc-gekko/4.2.4/crtbegin.o
 .rela.rodata._ZTISt8bad_cast
                0x00000000        0x0 c:/devkitpro/devkitppc/bin/../lib/gcc/powerpc-gekko/4.2.4/crtbegin.o
 .rela.rodata._ZTVSt13bad_exception
                0x00000000        0x0 c:/devkitpro/devkitppc/bin/../lib/gcc/powerpc-gekko/4.2.4/crtbegin.o
 .rela.rodata._ZTVSt9exception
                0x00000000        0x0 c:/devkitpro/devkitppc/bin/../lib/gcc/powerpc-gekko/4.2.4/crtbegin.o
 .rela.rodata._ZTISt13bad_exception
                0x00000000        0x0 c:/devkitpro/devkitppc/bin/../lib/gcc/powerpc-gekko/4.2.4/crtbegin.o
 .rela.rodata._ZTVSt9bad_alloc
                0x00000000        0x0 c:/devkitpro/devkitppc/bin/../lib/gcc/powerpc-gekko/4.2.4/crtbegin.o
 .rela.rodata._ZTISt9bad_alloc
                0x00000000        0x0 c:/devkitpro/devkitppc/bin/../lib/gcc/powerpc-gekko/4.2.4/crtbegin.o

.rel.data
 *(.rel.data .rel.data.* .rel.gnu.linkonce.d.*)

.rela.data
 *(.rela.data .rela.data.* .rela.gnu.linkonce.d.*)

.rel.tdata
 *(.rel.tdata .rel.tdata.* .rel.gnu.linkonce.td.*)

.rela.tdata
 *(.rela.tdata .rela.tdata.* .rela.gnu.linkonce.td.*)

.rel.tbss
 *(.rel.tbss .rel.tbss.* .rel.gnu.linkonce.tb.*)

.rela.tbss
 *(.rela.tbss .rela.tbss.* .rela.gnu.linkonce.tb.*)

.rel.ctors
 *(.rel.ctors)

.rela.ctors
 *(.rela.ctors)

.rel.dtors
 *(.rel.dtors)

.rela.dtors
 *(.rela.dtors)

.rel.got
 *(.rel.got)

.rela.got
 *(.rela.got)

.rela.got1
 *(.rela.got1)

.rela.got2      0x80004208        0x0
 *(.rela.got2)
 .rela.got2     0x00000000        0x0 c:/devkitpro/devkitppc/bin/../lib/gcc/powerpc-gekko/4.2.4/crtbegin.o

.rel.sdata
 *(.rel.sdata .rel.sdata.* .rel.gnu.linkonce.s.*)

.rela.sdata     0x80004208        0x0
 *(.rela.sdata .rela.sdata.* .rela.gnu.linkonce.s.*)
 .rela.sdata._ZTIN3wsp10GameWindowE
                0x00000000        0x0 c:/devkitpro/devkitppc/bin/../lib/gcc/powerpc-gekko/4.2.4/crtbegin.o
 .rela.sdata._ZTIN3wsp5ImageE
                0x00000000        0x0 c:/devkitpro/devkitppc/bin/../lib/gcc/powerpc-gekko/4.2.4/crtbegin.o
 .rela.sdata._ZTIN3wsp5LayerE
                0x00000000        0x0 c:/devkitpro/devkitppc/bin/../lib/gcc/powerpc-gekko/4.2.4/crtbegin.o
 .rela.sdata._ZN10__cxxabiv119__terminate_handlerE
                0x00000000        0x0 c:/devkitpro/devkitppc/bin/../lib/gcc/powerpc-gekko/4.2.4/crtbegin.o
 .rela.sdata._ZTISt9type_info
                0x00000000        0x0 c:/devkitpro/devkitppc/bin/../lib/gcc/powerpc-gekko/4.2.4/crtbegin.o
 .rela.sdata._ZTISt9exception
                0x00000000        0x0 c:/devkitpro/devkitppc/bin/../lib/gcc/powerpc-gekko/4.2.4/crtbegin.o

.rel.sbss
 *(.rel.sbss .rel.sbss.* .rel.gnu.linkonce.sb.*)

.rela.sbss
 *(.rela.sbss .rela.sbss.* .rel.gnu.linkonce.sb.*)

.rel.sdata2
 *(.rel.sdata2 .rel.sdata2.* .rel.gnu.linkonce.s2.*)

.rela.sdata2    0x80004208        0x0
 *(.rela.sdata2 .rela.sdata2.* .rela.gnu.linkonce.s2.*)
 .rela.sdata2.__sys_inIPL
                0x00000000        0x0 c:/devkitpro/devkitppc/bin/../lib/gcc/powerpc-gekko/4.2.4/crtbegin.o
 .rela.sdata2._gx
                0x00000000        0x0 c:/devkitpro/devkitppc/bin/../lib/gcc/powerpc-gekko/4.2.4/crtbegin.o

.rel.sbss2
 *(.rel.sbss2 .rel.sbss2.* .rel.gnu.linkonce.sb2.*)

.rela.sbss2
 *(.rela.sbss2 .rela.sbss2.* .rela.gnu.linkonce.sb2.*)

.rel.bss
 *(.rel.bss .rel.bss.* .rel.gnu.linkonce.b.*)

.rela.bss
 *(.rela.bss .rela.bss.* .rela.gnu.linkonce.b.*)

.rel.plt
 *(.rel.plt)

.rela.plt
 *(.rela.plt)

.text           0x80004220    0xacf00
 *(.text)
 .text          0x80004220      0x140 c:/devkitpro/devkitppc/bin/../lib/gcc/powerpc-gekko/4.2.4/crtbegin.o
 .text          0x80004360       0x48 c:/devkitpro/devkitppc/bin/../lib/gcc/powerpc-gekko/4.2.4/../../../../powerpc-gekko/lib/crtmain.o
                0x80004364                __crtmain
 .text          0x800043a8      0x138 c:/devkitPRO/libogc/lib/wii\libfreetype.a(ftinit.o)
                0x8000443c                FT_Init_FreeType
                0x800043a8                FT_Done_FreeType
                0x800043e8                FT_Add_Default_Modules
 .text          0x800044e0     0xa2a8 c:/devkitPRO/libogc/lib/wii\libfreetype.a(ftbase.o)
                0x800092b0                FT_Done_GlyphSlot
                0x8000a048                FT_QAlloc
                0x8000abc0                FT_Realloc
                0x8000bbe0                FT_Request_Metrics
                0x80004938                FT_DivFix
                0x80005190                ft_validator_init
                0x80008cb0                FT_Stream_ReleaseFrame
                0x800075a0                FT_Stream_Close
                0x80004d60                FT_Vector_Transform_Scaled
                0x80006648                ft_module_get_service
                0x800077a8                FT_Stream_GetShort
                0x80007638                FT_Raccess_Guess
                0x80004e20                FT_SqrtFixed
                0x8000aef8                FT_Get_Sfnt_Name
                0x800089fc                ft_mem_qalloc
                0x80006780                FT_Set_Debug_Hook
                0x80009a4c                FT_List_Finalize
                0x8000c178                FT_Load_Glyph
                0x80008674                FT_Vector_Polarize
                0x8000a8d4                ft_mem_alloc
                0x80009e44                FT_Done_Face
                0x8000a0c0                ft_mem_dup
                0x80008a64                ft_mem_free
                0x8000658c                FT_Lookup_Renderer
                0x8000a4fc                FT_Stream_ReadAt
                0x80006364                FT_Face_GetVariantsOfChar
                0x8000e3c8                FT_New_Memory_Face
                0x800099b8                FT_Render_Glyph
                0x800054a0                ft_synthesize_vertical_metrics
                0x8000e47c                FT_GlyphLoader_CheckPoints
                0x800050c0                FT_GlyphLoader_Prepare
                0x80005730                FT_Get_Kerning
                0x80005a2c                FT_Get_Char_Index
                0x8000aaf4                ft_mem_realloc
                0x80006f9c                FT_Outline_Reverse
                0x80006f4c                FT_Outline_Translate
                0x8000a028                ft_highpow2
                0x80008a94                FT_Stream_ExitFrame
                0x8000e460                ft_validator_error
                0x80009480                FT_Done_Size
                0x80004674                FT_MulDiv
                0x8000b058                FT_GlyphLoader_CheckSubGlyphs
                0x800063dc                FT_Face_GetVariantSelectors
                0x800061a8                FT_Set_Charmap
                0x80007868                FT_Stream_GetLong
                0x8000a5b4                FT_Stream_Read
                0x800068a4                FT_Get_SubGlyph_Info
                0x800044e0                FT_RoundFix
                0x800093e8                FT_List_Add
                0x800075d8                FT_Stream_Seek
                0x8000a454                FT_Stream_TryRead
                0x8000b634                FT_New_Size
                0x8000500c                FT_GlyphLoader_Rewind
                0x80005e40                FT_Get_Sfnt_Table
                0x8000ba28                FT_New_GlyphSlot
                0x8000e668                FT_GlyphLoader_CopyPoints
                0x80004540                FT_FloorFix
                0x80006838                ft_stub_set_pixel_sizes
                0x80006958                FT_Outline_Decompose
                0x800064a8                FT_Face_GetCharVariantIndex
                0x8000c018                FT_Set_Pixel_Sizes
                0x800083f4                FT_Atan2
                0x800059d8                FT_Get_Charmap_Index
                0x8000611c                FT_Get_CMap_Format
                0x80004560                FT_Sqrt32
                0x80005c5c                FT_Get_Glyph_Name
                0x80005954                FT_Select_Charmap
                0x800096bc                FT_Outline_Render
                0x80007120                FT_Outline_Transform
                0x8000bf20                FT_Request_Size
                0x8000c8f4                FT_Raccess_Get_DataOffsets
                0x8000b39c                FT_New_Library
                0x8000cbd0                FT_Get_Module
                0x80007820                FT_Stream_GetOffset
                0x80009b08                FT_Remove_Module
                0x800090e8                FT_GlyphLoader_Reset
                0x80007758                FT_Stream_Skip
                0x80004898                FT_MulFix
                0x80005a80                FT_Get_Next_Char
                0x80009570                FT_List_Up
                0x80007198                FT_Outline_Get_Orientation
                0x8000d5e0                FT_Attach_File
                0x800097ec                FT_Outline_Get_Bitmap
                0x80008c60                FT_Stream_ExtractFrame
                0x8000a1cc                FT_Stream_ReadFields
                0x800084a0                FT_Vector_Rotate
                0x8000b9d0                FT_GlyphLoader_New
                0x8000cc70                FT_Get_TrueType_Engine_Type
                0x80008720                FT_Vector_From_Polar
                0x80007908                FT_Stream_ReadChar
                0x80005ecc                FT_Load_Sfnt_Table
                0x80008448                FT_Vector_Unit
                0x80009074                FT_Stream_Free
                0x80008798                FT_Outline_Embolden
                0x80006e14                FT_Outline_Check
                0x8000c684                FT_Load_Char
                0x8000a5c8                FT_Raccess_Get_HeaderInfo
                0x80006640                FT_Get_Renderer
                0x800055c0                FT_Select_Metrics
                0x80005fb0                FT_Sfnt_Table_Info
                0x80007078                FT_Vector_Transform
                0x80008ae8                FT_Stream_EnterFrame
                0x8000c0ac                FT_Set_Char_Size
                0x800047a8                FT_MulDiv_No_Round
                0x800051b0                FT_Set_Transform
                0x80004b38                FT_Matrix_Invert
                0x8000b914                ft_glyphslot_alloc_bitmap
                0x8000516c                FT_Get_Sfnt_Name_Count
                0x80004e78                ft_corner_orientation
                0x8000a808                FT_Outline_Copy
                0x80008358                FT_Cos
                0x80009038                ft_glyphslot_set_bitmap
                0x8000b10c                FT_GlyphLoader_CreateExtra
                0x800062ec                FT_Face_GetCharsOfVariant
                0x80004a08                FT_Matrix_Multiply
                0x80005698                FT_Select_Size
                0x80004c20                FT_Matrix_Multiply_Scaled
                0x80006e8c                FT_Outline_Get_CBox
                0x8000cd0c                FT_Add_Module
                0x80009448                FT_List_Remove
                0x8000ac08                FT_Outline_New_Internal
                0x80008ddc                FT_Outline_Done
                0x80009418                FT_List_Insert
                0x800095d4                FT_Set_Renderer
                0x8000a080                FT_Free
                0x800078b8                FT_Stream_GetLongLE
                0x80006080                FT_Get_CMap_Language_ID
                0x80008734                FT_Angle_Diff
                0x800067a8                ft_stub_set_char_sizes
                0x80005104                FT_GlyphLoader_Add
                0x80006440                FT_Face_GetCharVariantIsDefault
                0x8000935c                ft_mem_strcpyn
                0x80008fc0                ft_glyphslot_free_bitmap
                0x8000d62c                FT_Open_Face
                0x8000d524                FT_Attach_Stream
                0x8000d064                ft_service_list_lookup
                0x8000d0e0                FT_Stream_New
                0x80009f0c                FT_Done_Library
                0x800099e0                FT_List_Iterate
                0x800083a0                FT_Sin
                0x8000777c                FT_Stream_GetChar
                0x800093b0                FT_List_Find
                0x80008d00                FT_Outline_Done_Internal
                0x80006734                FT_Library_Version
                0x80009854                FT_Render_Glyph_Internal
                0x800051a8                ft_validator_run
                0x8000b4a4                FT_CMap_New
                0x80005888                FT_Get_Track_Kerning
                0x80005348                FT_Match_Size
                0x80005afc                FT_Get_First_Char
                0x80007ab4                FT_Stream_ReadShortLE
                0x800085b0                FT_Vector_Length
                0x8000e41c                FT_New_Face
                0x8000918c                FT_GlyphLoader_Done
                0x8000a980                ft_mem_qrealloc
                0x80005b84                FT_Get_Name_Index
                0x8000aaac                FT_QRealloc
                0x80007c90                FT_Stream_ReadLong
                0x8000ccd4                FT_Get_Module_Interface
                0x800077e4                FT_Stream_GetShortLE
                0x80007b9c                FT_Stream_ReadOffset
                0x8000ad94                FT_CMap_Done
                0x80007580                FT_Stream_OpenMemory
                0x80004f94                ft_corner_is_flat
                0x800083ac                FT_Tan
                0x80007f30                FT_Stream_ReadLongLE
                0x8000a144                ft_mem_strdup
                0x80006550                FT_Activate_Size
                0x80005d84                FT_Get_Postscript_Name
                0x80007774                FT_Stream_Pos
                0x80004510                FT_CeilFix
                0x800079cc                FT_Stream_ReadShort
                0x8000a948                FT_Alloc
                0x8000ad7c                FT_Outline_New
 .text          0x8000e788     0xaa04 c:/devkitPRO/libogc/lib/wii\libfreetype.a(truetype.o)
                0x800167b0                TT_RunIns
                0x80015bc8                TT_New_Context
 .text          0x8001918c     0x5214 c:/devkitPRO/libogc/lib/wii\libfreetype.a(type1.o)
 .text          0x8001e3a0     0x8bec c:/devkitPRO/libogc/lib/wii\libfreetype.a(sfnt.o)
 .text          0x80026f8c     0x5850 c:/devkitPRO/libogc/lib/wii\libfreetype.a(autofit.o)
                0x8002703c                af_glyph_hints_dump_points
                0x80027044                af_glyph_hints_dump_edges
                0x80027040                af_glyph_hints_dump_segments
 .text          0x8002c7dc     0x3cec c:/devkitPRO/libogc/lib/wii\libfreetype.a(pshinter.o)
                0x8002f340                ps_hints_apply
 .text          0x800304c8     0x281c c:/devkitPRO/libogc/lib/wii\libfreetype.a(raster.o)
 .text          0x80032ce4     0x2248 c:/devkitPRO/libogc/lib/wii\libfreetype.a(smooth.o)
 .text          0x80034f2c     0x47f0 c:/devkitPRO/libogc/lib/wii\libfreetype.a(psaux.o)
 .text          0x8003971c      0x89c c:/devkitPRO/libogc/lib/wii\libfreetype.a(psnames.o)
 .text          0x80039fb8      0x248 c:/devkitPRO/libogc/lib/wii\libfreetype.a(ftsystem.o)
                0x80039fb8                FT_Done_Memory
                0x80039fe4                FT_New_Memory
                0x8003a0ac                FT_Stream_Open
 .text          0x8003a200      0x4ec c:/devkitPRO/libogc/lib/wii\libogc.a(lwp_handler.o)
                0x8003a340                _cpu_context_restore_fp
                0x8003a600                _cpu_context_save
                0x8003a200                _cpu_context_save_fp
                0x8003a480                _cpu_context_switch
                0x8003a680                _cpu_context_restore
 .text          0x8003a6ec      0x4d8 c:/devkitPRO/libogc/lib/wii\libogc.a(cache_asm.o)
                0x8003a9c8                L2Disable
                0x8003a750                DCBlockZero
                0x8003a808                DCFlushRangeNoSync
                0x8003a95c                ICBlockInvalidate
                0x8003a6ec                DCFlashInvalidate
                0x8003a758                DCBlockStore
                0x8003a868                DCZeroRange
                0x8003ab7c                LCLoadBlocks
                0x8003a748                DCTouchLoad
                0x8003ab3c                LCAllocTags
                0x8003a924                ICDisable
                0x8003a910                ICEnable
                0x8003a9e0                L2GlobalInvalidate
                0x8003aba0                LCStoreBlocks
                0x8003a900                ICFlashInvalidate
                0x8003a898                DCTouchRange
                0x8003a838                DCStoreRangeNoSync
                0x8003a938                ICFreeze
                0x8003a710                DCDisable
                0x8003a760                DCBlockFlush
                0x8003a6fc                DCEnable
                0x8003a9b4                L2Enable
                0x8003aa38                __LCEnable
                0x8003a770                DCInvalidateRange
                0x8003ab28                LCAllocOneTag
                0x8003a738                DCUnfreeze
                0x8003a8c8                ICInvalidateRange
                0x8003a7a0                DCFlushRange
                0x8003a964                ICSync
                0x8003a768                DCBlockInvalidate
                0x8003a724                DCFreeze
                0x8003a96c                L2Init
                0x8003a94c                ICUnfreeze
                0x8003a7d4                DCStoreRange
                0x8003ab00                LCDisable
 .text          0x8003abc4      0x5c4 c:/devkitPRO/libogc/lib/wii\libogc.a(system_asm.o)
                0x8003ac5c                __configMEM1_48Mb
                0x8003b0e8                __reset
                0x8003abc4                __realmode
                0x8003afcc                __CacheInit
                0x8003adbc                __configMEM2_64Mb
                0x8003b030                __SystemInit
                0x8003af18                __configMEM2_128Mb
                0x8003abdc                __configMEM1_24Mb
                0x8003af94                __PSInit
                0x8003acdc                __configMEM2_56Mb
                0x8003ae38                __configMEM2_112Mb
                0x8003b0b4                __flush_cache
                0x8003b158                SYS_SwitchFiber
 .text          0x8003b188      0x944 c:/devkitPRO/libogc/lib/wii\libogc.a(gu_psasm.o)
                0x8003b188                ps_guMtxConcat
                0x8003ba70                ps_guQuatNormalize
                0x8003b764                ps_guMtxReflect
                0x8003b840                ps_guVecNormalize
                0x8003b8c8                ps_guVecDotProduct
                0x8003b69c                __ps_guMtxRotAxisRadInternal
                0x8003b40c                ps_guMtxInvXpos
                0x8003b8e8                ps_guVecMultiply
                0x8003ba50                ps_guQuatDotProduct
                0x8003b88c                ps_guVecCross
                0x8003b9b4                ps_guQuatSub
                0x8003b990                ps_guQuatAdd
                0x8003b93c                ps_guVecMultiplySR
                0x8003b254                ps_guMtxIdentity
                0x8003b5e4                ps_guMtxRotTrig
                0x8003b7dc                ps_guVecAdd
                0x8003b824                ps_guVecScale
                0x8003b4d4                ps_guMtxScale
                0x8003b288                ps_guMtxCopy
                0x8003b504                ps_guMtxScaleApply
                0x8003b9d8                ps_guQuatMultiply
                0x8003b2bc                ps_guMtxTranspose
                0x8003b314                ps_guMtxInverse
                0x8003b55c                ps_guMtxTrans
                0x8003b598                ps_guMtxTransApply
                0x8003b800                ps_guVecSub
 .text          0x8003bacc      0x1b0 c:/devkitPRO/libogc/lib/wii\libogc.a(irq_handler.o)
                0x8003bacc                irq_exceptionhandler
 .text          0x8003bc7c      0x1b0 c:/devkitPRO/libogc/lib/wii\libogc.a(decrementer_handler.o)
                0x8003bc7c                dec_exceptionhandler
 .text          0x8003be2c      0x34c c:/devkitPRO/libogc/lib/wii\libogc.a(exception_handler.o)
                0x8003be2c                exceptionhandler_start
                0x8003bee0                default_exceptionhandler
                0x8003c174                systemcallhandler_end
                0x8003c158                systemcallhandler_start
                0x8003bedc                exceptionhandler_end
                0x8003bea8                exceptionhandler_patch
                0x8003c020                fpu_exceptionhandler
 .text          0x8003c178     0x51d0 c:/devkitpro/devkitppc/bin/../lib/gcc/powerpc-gekko/4.2.4/../../../../powerpc-gekko/lib\libstdc++.a(cp-demangle.o)
                0x8004121c                __cxa_demangle
 .text          0x80041348       0x34 c:/devkitpro/devkitppc/bin/../lib/gcc/powerpc-gekko/4.2.4/../../../../powerpc-gekko/lib\libm.a(lib_a-s_atan2.o)
                0x80041348                atan2
 .text          0x8004137c      0x284 c:/devkitpro/devkitppc/bin/../lib/gcc/powerpc-gekko/4.2.4/../../../../powerpc-gekko/lib\libm.a(lib_a-s_atangent.o)
                0x8004137c                atangent
 .text          0x80041600       0x24 c:/devkitpro/devkitppc/bin/../lib/gcc/powerpc-gekko/4.2.4/../../../../powerpc-gekko/lib\libm.a(lib_a-s_cos.o)
                0x80041600                cos
 .text          0x80041624       0xb4 c:/devkitpro/devkitppc/bin/../lib/gcc/powerpc-gekko/4.2.4/../../../../powerpc-gekko/lib\libm.a(lib_a-s_fabs.o)
                0x80041624                fabs
 .text          0x800416d8       0xb4 c:/devkitpro/devkitppc/bin/../lib/gcc/powerpc-gekko/4.2.4/../../../../powerpc-gekko/lib\libm.a(lib_a-s_frexp.o)
                0x800416d8                frexp
 .text          0x8004178c       0x50 c:/devkitpro/devkitppc/bin/../lib/gcc/powerpc-gekko/4.2.4/../../../../powerpc-gekko/lib\libm.a(lib_a-s_numtest.o)
                0x8004178c                numtest
 .text          0x800417dc      0x290 c:/devkitpro/devkitppc/bin/../lib/gcc/powerpc-gekko/4.2.4/../../../../powerpc-gekko/lib\libm.a(lib_a-s_pow.o)
                0x800417dc                pow
 .text          0x80041a6c       0x24 c:/devkitpro/devkitppc/bin/../lib/gcc/powerpc-gekko/4.2.4/../../../../powerpc-gekko/lib\libm.a(lib_a-s_sin.o)
                0x80041a6c                sin
 .text          0x80041a90      0x2c4 c:/devkitpro/devkitppc/bin/../lib/gcc/powerpc-gekko/4.2.4/../../../../powerpc-gekko/lib\libm.a(lib_a-s_sine.o)
                0x80041a90                sine
 .text          0x80041d54      0x184 c:/devkitpro/devkitppc/bin/../lib/gcc/powerpc-gekko/4.2.4/../../../../powerpc-gekko/lib\libm.a(lib_a-s_sqrt.o)
                0x80041d54                sqrt
 .text          0x80041ed8       0xc8 c:/devkitpro/devkitppc/bin/../lib/gcc/powerpc-gekko/4.2.4/../../../../powerpc-gekko/lib\libm.a(lib_a-sf_atan.o)
                0x80041ed8                atanf
 .text          0x80041fa0       0x38 c:/devkitpro/devkitppc/bin/../lib/gcc/powerpc-gekko/4.2.4/../../../../powerpc-gekko/lib\libm.a(lib_a-sf_atan2.o)
                0x80041fa0                atan2f
 .text          0x80041fd8      0x250 c:/devkitpro/devkitppc/bin/../lib/gcc/powerpc-gekko/4.2.4/../../../../powerpc-gekko/lib\libm.a(lib_a-sf_atangent.o)
                0x80041fd8                atangentf
 .text          0x80042228       0x24 c:/devkitpro/devkitppc/bin/../lib/gcc/powerpc-gekko/4.2.4/../../../../powerpc-gekko/lib\libm.a(lib_a-sf_cos.o)
                0x80042228                cosf
 .text          0x8004224c       0xb4 c:/devkitpro/devkitppc/bin/../lib/gcc/powerpc-gekko/4.2.4/../../../../powerpc-gekko/lib\libm.a(lib_a-sf_fabs.o)
                0x8004224c                fabsf
 .text          0x80042300       0xa8 c:/devkitpro/devkitppc/bin/../lib/gcc/powerpc-gekko/4.2.4/../../../../powerpc-gekko/lib\libm.a(lib_a-sf_fpclassify.o)
                0x80042300                __fpclassifyf
 .text          0x800423a8       0x90 c:/devkitpro/devkitppc/bin/../lib/gcc/powerpc-gekko/4.2.4/../../../../powerpc-gekko/lib\libm.a(lib_a-sf_frexp.o)
                0x800423a8                frexpf
 .text          0x80042438       0x24 c:/devkitpro/devkitppc/bin/../lib/gcc/powerpc-gekko/4.2.4/../../../../powerpc-gekko/lib\libm.a(lib_a-sf_isinff.o)
                0x80042438                __isinff
 .text          0x8004245c       0x28 c:/devkitpro/devkitppc/bin/../lib/gcc/powerpc-gekko/4.2.4/../../../../powerpc-gekko/lib\libm.a(lib_a-sf_isnanf.o)
                0x8004245c                __isnanf
 .text          0x80042484       0x48 c:/devkitpro/devkitppc/bin/../lib/gcc/powerpc-gekko/4.2.4/../../../../powerpc-gekko/lib\libm.a(lib_a-sf_numtest.o)
                0x80042484                numtestf
 .text          0x800424cc       0x24 c:/devkitpro/devkitppc/bin/../lib/gcc/powerpc-gekko/4.2.4/../../../../powerpc-gekko/lib\libm.a(lib_a-sf_sin.o)
                0x800424cc                sinf
 .text          0x800424f0      0x2b8 c:/devkitpro/devkitppc/bin/../lib/gcc/powerpc-gekko/4.2.4/../../../../powerpc-gekko/lib\libm.a(lib_a-sf_sine.o)
                0x800424f0                sinef
 .text          0x800427a8      0x190 c:/devkitpro/devkitppc/bin/../lib/gcc/powerpc-gekko/4.2.4/../../../../powerpc-gekko/lib\libm.a(lib_a-sf_sqrt.o)
                0x800427a8                sqrtf
 .text          0x80042938       0x1c c:/devkitpro/devkitppc/bin/../lib/gcc/powerpc-gekko/4.2.4/../../../../powerpc-gekko/lib\libm.a(lib_a-s_ispos.o)
                0x80042938                ispos
 .text          0x80042954      0x154 c:/devkitpro/devkitppc/bin/../lib/gcc/powerpc-gekko/4.2.4/../../../../powerpc-gekko/lib\libm.a(lib_a-s_ldexp.o)
                0x80042954                ldexp
 .text          0x80042aa8       0x24 c:/devkitpro/devkitppc/bin/../lib/gcc/powerpc-gekko/4.2.4/../../../../powerpc-gekko/lib\libm.a(lib_a-s_log.o)
                0x80042aa8                log
 .text          0x80042acc      0x200 c:/devkitpro/devkitppc/bin/../lib/gcc/powerpc-gekko/4.2.4/../../../../powerpc-gekko/lib\libm.a(lib_a-s_logarithm.o)
                0x80042acc                logarithm
 .text          0x80042ccc      0x244 c:/devkitpro/devkitppc/bin/../lib/gcc/powerpc-gekko/4.2.4/../../../../powerpc-gekko/lib\libm.a(lib_a-s_modf.o)
                0x80042ccc                modf
 .text          0x80042f10       0x1c c:/devkitpro/devkitppc/bin/../lib/gcc/powerpc-gekko/4.2.4/../../../../powerpc-gekko/lib\libm.a(lib_a-sf_ispos.o)
                0x80042f10                isposf
 .text          0x80042f2c      0x14c c:/devkitpro/devkitppc/bin/../lib/gcc/powerpc-gekko/4.2.4/../../../../powerpc-gekko/lib\libm.a(lib_a-sf_ldexp.o)
                0x80042f2c                ldexpf
 .text          0x80043078       0xc8 c:/devkitpro/devkitppc/bin/../lib/gcc/powerpc-gekko/4.2.4/../../../../powerpc-gekko/lib\libm.a(lib_a-s_fpclassify.o)
                0x80043078                __fpclassifyd
 .text          0x80043140       0x38 c:/devkitpro/devkitppc/bin/../lib/gcc/powerpc-gekko/4.2.4/../../../../powerpc-gekko/lib\libm.a(lib_a-s_isnand.o)
                0x80043140                __isnand
 .text          0x80043178      0x408 c:/devkitpro/devkitppc/bin/../lib/gcc/powerpc-gekko/4.2.4\libgcc.a(_udivdi3.o)
                0x80043178                __udivdi3
 .text          0x80043580     0x2b58 c:/devkitpro/devkitppc/bin/../lib/gcc/powerpc-gekko/4.2.4\libgcc.a(unwind-dw2.o)
                0x800439b4                _Unwind_GetIPInfo
                0x80043604                _Unwind_GetIP
                0x80045b34                _Unwind_Resume_or_Rethrow
                0x8004361c                _Unwind_GetRegionStart
                0x800454e4                _Unwind_Backtrace
                0x800435fc                _Unwind_GetCFA
                0x800443c8                __frame_state_for
                0x80045d10                _Unwind_Resume
                0x80043634                _Unwind_DeleteException
                0x8004577c                _Unwind_RaiseException
                0x8004360c                _Unwind_SetIP
                0x8004362c                _Unwind_GetTextRelBase
                0x8004397c                _Unwind_FindEnclosingFunction
                0x80043614                _Unwind_GetLanguageSpecificData
                0x80045ef4                _Unwind_ForcedUnwind
                0x8004366c                _Unwind_SetGR
                0x800436f4                _Unwind_GetGR
                0x80043624                _Unwind_GetDataRelBase
 .text          0x800460d8     0x176c c:/devkitpro/devkitppc/bin/../lib/gcc/powerpc-gekko/4.2.4\libgcc.a(unwind-dw2-fde.o)
                0x80047684                _Unwind_Find_FDE
                0x80046d50                __register_frame
                0x80046d18                __register_frame_table
                0x80046154                __register_frame_info_bases
                0x8004757c                __deregister_frame_info
                0x80047470                __deregister_frame_info_bases
                0x800461a8                __register_frame_info_table_bases
                0x80047580                __deregister_frame
                0x800461dc                __register_frame_info_table
                0x8004619c                __register_frame_info
 .text          0x80047844       0x28 c:/devkitpro/devkitppc/bin/../lib/gcc/powerpc-gekko/4.2.4/../../../../powerpc-gekko/lib\libsysbase.a(abort.o)
                0x80047844                abort
 .text          0x8004786c      0x2c4 c:/devkitpro/devkitppc/bin/../lib/gcc/powerpc-gekko/4.2.4/../../../../powerpc-gekko/lib\libsysbase.a(iosupport.o)
                0x80047ae0                RemoveDevice
                0x8004786c                setDefaultDevice
                0x80047884                AddDevice
                0x80047a9c                GetDeviceOpTab
                0x800479ac                FindDevice
 .text          0x80047b30       0x28 c:/devkitpro/devkitppc/bin/../lib/gcc/powerpc-gekko/4.2.4/../../../../powerpc-gekko/lib\libsysbase.a(_exit.o)
                0x80047b30                _exit
 .text          0x80047b58      0x510 c:/devkitpro/devkitppc/bin/../lib/gcc/powerpc-gekko/4.2.4/../../../../powerpc-gekko/lib\libsysbase.a(chdir.o)
                0x80047ee0                chdir
                0x80047b58                getcwd
                0x80047c3c                _concatenate_path
 .text          0x80048068       0x9c c:/devkitpro/devkitppc/bin/../lib/gcc/powerpc-gekko/4.2.4/../../../../powerpc-gekko/lib\libsysbase.a(build_argv.o)
                0x80048068                build_argv
 .text          0x80048104      0x168 c:/devkitpro/devkitppc/bin/../lib/gcc/powerpc-gekko/4.2.4/../../../../powerpc-gekko/lib\libsysbase.a(syscall_support.o)
                0x80048238                __malloc_unlock
                0x80048184                __libc_lock_release
                0x80048104                __libc_lock_init
                0x80048204                __malloc_lock
                0x80048144                __libc_lock_close
                0x800481c4                __libc_lock_acquire
 .text          0x8004826c       0x34 c:/devkitpro/devkitppc/bin/../lib/gcc/powerpc-gekko/4.2.4/../../../../powerpc-gekko/lib\libc.a(lib_a-calloc.o)
                0x8004826c                calloc
 .text          0x800482a0       0xd0 c:/devkitpro/devkitppc/bin/../lib/gcc/powerpc-gekko/4.2.4/../../../../powerpc-gekko/lib\libc.a(lib_a-callocr.o)
                0x800482a0                _calloc_r
 .text          0x80048370       0x34 c:/devkitpro/devkitppc/bin/../lib/gcc/powerpc-gekko/4.2.4/../../../../powerpc-gekko/lib\libc.a(lib_a-cxa_atexit.o)
                0x80048370                __cxa_atexit
 .text          0x800483a4        0xc c:/devkitpro/devkitppc/bin/../lib/gcc/powerpc-gekko/4.2.4/../../../../powerpc-gekko/lib\libc.a(lib_a-errno.o)
                0x800483a4                __errno
 .text          0x800483b0       0x40 c:/devkitpro/devkitppc/bin/../lib/gcc/powerpc-gekko/4.2.4/../../../../powerpc-gekko/lib\libc.a(lib_a-exit.o)
                0x800483b0                exit
 .text          0x800483f0      0x188 c:/devkitpro/devkitppc/bin/../lib/gcc/powerpc-gekko/4.2.4/../../../../powerpc-gekko/lib\libc.a(lib_a-fclose.o)
                0x800483f0                _fclose_r
                0x80048568                fclose
 .text          0x80048578      0x350 c:/devkitpro/devkitppc/bin/../lib/gcc/powerpc-gekko/4.2.4/../../../../powerpc-gekko/lib\libc.a(lib_a-fflush.o)
                0x80048878                fflush
                0x80048578                _fflush_r
 .text          0x800488c8      0x4ac c:/devkitpro/devkitppc/bin/../lib/gcc/powerpc-gekko/4.2.4/../../../../powerpc-gekko/lib\libc.a(lib_a-findfp.o)
                0x80048ab4                __sinit
                0x80048bd4                __sfmoreglue
                0x800488f0                _cleanup
                0x800488c8                _cleanup_r
                0x80048ba0                __fp_lock_all
                0x80048b50                __sfp_lock_acquire
                0x80048c4c                __sfp
                0x8004895c                __sinit_lock_release
                0x800489b0                __fp_unlock_all
                0x80048984                __sfp_lock_release
                0x80048a68                __sinit_lock_acquire
 .text          0x80048d74      0x154 c:/devkitpro/devkitppc/bin/../lib/gcc/powerpc-gekko/4.2.4/../../../../powerpc-gekko/lib\libc.a(lib_a-fopen.o)
                0x80048eb0                fopen
                0x80048d74                _fopen_r
 .text          0x80048ec8      0x110 c:/devkitpro/devkitppc/bin/../lib/gcc/powerpc-gekko/4.2.4/../../../../powerpc-gekko/lib\libc.a(lib_a-fprintf.o)
                0x80048ec8                fprintf
                0x80048f5c                _fprintf_r
 .text          0x80048fd8      0x144 c:/devkitpro/devkitppc/bin/../lib/gcc/powerpc-gekko/4.2.4/../../../../powerpc-gekko/lib\libc.a(lib_a-fputc.o)
                0x80049080                _fputc_r
                0x80048fd8                fputc
 .text          0x8004911c       0xd4 c:/devkitpro/devkitppc/bin/../lib/gcc/powerpc-gekko/4.2.4/../../../../powerpc-gekko/lib\libc.a(lib_a-fputs.o)
                0x8004911c                _fputs_r
                0x800491d8                fputs
 .text          0x800491f0      0x3c0 c:/devkitpro/devkitppc/bin/../lib/gcc/powerpc-gekko/4.2.4/../../../../powerpc-gekko/lib\libc.a(lib_a-fread.o)
                0x80049588                fread
                0x800491f0                _fread_r
 .text          0x800495b0      0x3f8 c:/devkitpro/devkitppc/bin/../lib/gcc/powerpc-gekko/4.2.4/../../../../powerpc-gekko/lib\libc.a(lib_a-freer.o)
                0x800496cc                _free_r
                0x800495b0                _malloc_trim_r
 .text          0x800499a8      0x704 c:/devkitpro/devkitppc/bin/../lib/gcc/powerpc-gekko/4.2.4/../../../../powerpc-gekko/lib\libc.a(lib_a-fseek.o)
                0x8004a08c                fseek
                0x800499a8                _fseek_r
 .text          0x8004a0ac      0x1e4 c:/devkitpro/devkitppc/bin/../lib/gcc/powerpc-gekko/4.2.4/../../../../powerpc-gekko/lib\libc.a(lib_a-ftell.o)
                0x8004a280                ftell
                0x8004a0ac                _ftell_r
 .text          0x8004a290      0x528 c:/devkitpro/devkitppc/bin/../lib/gcc/powerpc-gekko/4.2.4/../../../../powerpc-gekko/lib\libc.a(lib_a-fvwrite.o)
                0x8004a290                __sfvwrite_r
 .text          0x8004a7b8      0x20c c:/devkitpro/devkitppc/bin/../lib/gcc/powerpc-gekko/4.2.4/../../../../powerpc-gekko/lib\libc.a(lib_a-fwalk.o)
                0x8004a8c4                _fwalk
                0x8004a7b8                _fwalk_reent
 .text          0x8004a9c4      0x17c c:/devkitpro/devkitppc/bin/../lib/gcc/powerpc-gekko/4.2.4/../../../../powerpc-gekko/lib\libc.a(lib_a-fwrite.o)
                0x8004a9c4                _fwrite_r
                0x8004ab18                fwrite
 .text          0x8004ab40       0x24 c:/devkitpro/devkitppc/bin/../lib/gcc/powerpc-gekko/4.2.4/../../../../powerpc-gekko/lib\libc.a(lib_a-lcltime_r.o)
                0x8004ab40                localtime_r
 .text          0x8004ab64      0x4c4 c:/devkitpro/devkitppc/bin/../lib/gcc/powerpc-gekko/4.2.4/../../../../powerpc-gekko/lib\libc.a(lib_a-locale.o)
                0x8004ab88                _setlocale_r
                0x8004ab64                __locale_charset
                0x8004ab70                _localeconv_r
                0x8004b010                setlocale
                0x8004ab7c                localeconv
 .text          0x8004b028      0x1bc c:/devkitpro/devkitppc/bin/../lib/gcc/powerpc-gekko/4.2.4/../../../../powerpc-gekko/lib\libc.a(lib_a-makebuf.o)
                0x8004b028                __smakebuf_r
 .text          0x8004b1e4       0x34 c:/devkitpro/devkitppc/bin/../lib/gcc/powerpc-gekko/4.2.4/../../../../powerpc-gekko/lib\libc.a(lib_a-malign.o)
                0x8004b1e4                memalign
 .text          0x8004b218      0x1b0 c:/devkitpro/devkitppc/bin/../lib/gcc/powerpc-gekko/4.2.4/../../../../powerpc-gekko/lib\libc.a(lib_a-malignr.o)
                0x8004b218                _memalign_r
 .text          0x8004b3c8       0x58 c:/devkitpro/devkitppc/bin/../lib/gcc/powerpc-gekko/4.2.4/../../../../powerpc-gekko/lib\libc.a(lib_a-malloc.o)
                0x8004b3f4                malloc
                0x8004b3c8                free
 .text          0x8004b420      0x86c c:/devkitpro/devkitppc/bin/../lib/gcc/powerpc-gekko/4.2.4/../../../../powerpc-gekko/lib\libc.a(lib_a-mallocr.o)
                0x8004b420                _malloc_r
 .text          0x8004bc8c       0xb4 c:/devkitpro/devkitppc/bin/../lib/gcc/powerpc-gekko/4.2.4/../../../../powerpc-gekko/lib\libc.a(lib_a-mbrtowc.o)
                0x8004bd18                mbrtowc
                0x8004bc8c                _mbrtowc_r
 .text          0x8004bd40      0x1d4 c:/devkitpro/devkitppc/bin/../lib/gcc/powerpc-gekko/4.2.4/../../../../powerpc-gekko/lib\libc.a(lib_a-mbsrtowcs.o)
                0x8004beec                mbsrtowcs
                0x8004bd40                _mbsrtowcs_r
 .text          0x8004bf14      0x9a8 c:/devkitpro/devkitppc/bin/../lib/gcc/powerpc-gekko/4.2.4/../../../../powerpc-gekko/lib\libc.a(lib_a-mbtowc_r.o)
                0x8004bf14                _mbtowc_r
 .text          0x8004c8bc       0xf4 c:/devkitpro/devkitppc/bin/../lib/gcc/powerpc-gekko/4.2.4/../../../../powerpc-gekko/lib\libc.a(lib_a-memchr.o)
                0x8004c8bc                memchr
 .text          0x8004c9b0       0x8c c:/devkitpro/devkitppc/bin/../lib/gcc/powerpc-gekko/4.2.4/../../../../powerpc-gekko/lib\libc.a(lib_a-memcmp.o)
                0x8004c9b0                memcmp
 .text          0x8004ca3c       0xc8 c:/devkitpro/devkitppc/bin/../lib/gcc/powerpc-gekko/4.2.4/../../../../powerpc-gekko/lib\libc.a(lib_a-memcpy.o)
                0x8004ca3c                memcpy
 .text          0x8004cb04      0x104 c:/devkitpro/devkitppc/bin/../lib/gcc/powerpc-gekko/4.2.4/../../../../powerpc-gekko/lib\libc.a(lib_a-memmove.o)
                0x8004cb04                memmove
 .text          0x8004cc08       0xac c:/devkitpro/devkitppc/bin/../lib/gcc/powerpc-gekko/4.2.4/../../../../powerpc-gekko/lib\libc.a(lib_a-memset.o)
                0x8004cc08                memset
 .text          0x8004ccb4      0x72c c:/devkitpro/devkitppc/bin/../lib/gcc/powerpc-gekko/4.2.4/../../../../powerpc-gekko/lib\libc.a(lib_a-mktime.o)
                0x8004d004                mktime
 .text          0x8004d3e0      0x870 c:/devkitpro/devkitppc/bin/../lib/gcc/powerpc-gekko/4.2.4/../../../../powerpc-gekko/lib\libc.a(lib_a-mktm_r.o)
                0x8004d3e0                __tzcalc_limits
                0x8004d654                _mktm_r
 .text          0x8004dc50      0x124 c:/devkitpro/devkitppc/bin/../lib/gcc/powerpc-gekko/4.2.4/../../../../powerpc-gekko/lib\libc.a(lib_a-printf.o)
                0x8004dc50                printf
                0x8004dce8                _printf_r
 .text          0x8004dd74      0x25c c:/devkitpro/devkitppc/bin/../lib/gcc/powerpc-gekko/4.2.4/../../../../powerpc-gekko/lib\libc.a(lib_a-putc.o)
                0x8004dea8                _putc_r
                0x8004dd74                putc
 .text          0x8004dfd0       0xa8 c:/devkitpro/devkitppc/bin/../lib/gcc/powerpc-gekko/4.2.4/../../../../powerpc-gekko/lib\libc.a(lib_a-puts.o)
                0x8004dfd0                _puts_r
                0x8004e068                puts
 .text          0x8004e078      0xafc c:/devkitpro/devkitppc/bin/../lib/gcc/powerpc-gekko/4.2.4/../../../../powerpc-gekko/lib\libc.a(lib_a-qsort.o)
                0x8004e078                qsort
 .text          0x8004eb74       0x6c c:/devkitpro/devkitppc/bin/../lib/gcc/powerpc-gekko/4.2.4/../../../../powerpc-gekko/lib\libc.a(lib_a-rand.o)
                0x8004eb8c                rand
                0x8004eb74                srand
 .text          0x8004ebe0       0x34 c:/devkitpro/devkitppc/bin/../lib/gcc/powerpc-gekko/4.2.4/../../../../powerpc-gekko/lib\libc.a(lib_a-realloc.o)
                0x8004ebe0                realloc
 .text          0x8004ec14      0x668 c:/devkitpro/devkitppc/bin/../lib/gcc/powerpc-gekko/4.2.4/../../../../powerpc-gekko/lib\libc.a(lib_a-reallocr.o)
                0x8004ec14                _realloc_r
 .text          0x8004f27c      0x248 c:/devkitpro/devkitppc/bin/../lib/gcc/powerpc-gekko/4.2.4/../../../../powerpc-gekko/lib\libc.a(lib_a-reent.o)
                0x8004f33c                cleanup_glue
                0x8004f38c                _reclaim_reent
                0x8004f27c                _wrapup_reent
 .text          0x8004f4c4      0x248 c:/devkitpro/devkitppc/bin/../lib/gcc/powerpc-gekko/4.2.4/../../../../powerpc-gekko/lib\libc.a(lib_a-refill.o)
                0x8004f4c4                __srefill_r
 .text          0x8004f70c      0x180 c:/devkitpro/devkitppc/bin/../lib/gcc/powerpc-gekko/4.2.4/../../../../powerpc-gekko/lib\libc.a(lib_a-setjmp.o)
                0x8004f7c8                longjmp
                0x8004f70c                setjmp
 .text          0x8004f88c      0x2cc c:/devkitpro/devkitppc/bin/../lib/gcc/powerpc-gekko/4.2.4/../../../../powerpc-gekko/lib\libc.a(lib_a-setvbuf.o)
                0x8004f88c                setvbuf
 .text          0x8004fb58      0x230 c:/devkitpro/devkitppc/bin/../lib/gcc/powerpc-gekko/4.2.4/../../../../powerpc-gekko/lib\libc.a(lib_a-snprintf.o)
                0x8004fb58                snprintf
                0x8004fc70                _snprintf_r
 .text          0x8004fd88      0x184 c:/devkitpro/devkitppc/bin/../lib/gcc/powerpc-gekko/4.2.4/../../../../powerpc-gekko/lib\libc.a(lib_a-stdio.o)
                0x8004fdac                __sseek
                0x8004fea8                __sread
                0x8004fd88                __sclose
                0x8004fe1c                __swrite
 .text          0x8004ff0c       0x88 c:/devkitpro/devkitppc/bin/../lib/gcc/powerpc-gekko/4.2.4/../../../../powerpc-gekko/lib\libc.a(lib_a-strcat.o)
                0x8004ff0c                strcat
 .text          0x8004ff94       0xf0 c:/devkitpro/devkitppc/bin/../lib/gcc/powerpc-gekko/4.2.4/../../../../powerpc-gekko/lib\libc.a(lib_a-strchr.o)
                0x8004ff94                strchr
 .text          0x80050084       0xc0 c:/devkitpro/devkitppc/bin/../lib/gcc/powerpc-gekko/4.2.4/../../../../powerpc-gekko/lib\libc.a(lib_a-strcmp.o)
                0x80050084                strcmp
 .text          0x80050144       0x74 c:/devkitpro/devkitppc/bin/../lib/gcc/powerpc-gekko/4.2.4/../../../../powerpc-gekko/lib\libc.a(lib_a-strcpy.o)
                0x80050144                strcpy
 .text          0x800501b8       0x64 c:/devkitpro/devkitppc/bin/../lib/gcc/powerpc-gekko/4.2.4/../../../../powerpc-gekko/lib\libc.a(lib_a-strlen.o)
                0x800501b8                strlen
 .text          0x8005021c       0xc0 c:/devkitpro/devkitppc/bin/../lib/gcc/powerpc-gekko/4.2.4/../../../../powerpc-gekko/lib\libc.a(lib_a-strncasecmp.o)
                0x8005021c                strncasecmp
 .text          0x800502dc      0x144 c:/devkitpro/devkitppc/bin/../lib/gcc/powerpc-gekko/4.2.4/../../../../powerpc-gekko/lib\libc.a(lib_a-strncmp.o)
                0x800502dc                strncmp
 .text          0x80050420       0xdc c:/devkitpro/devkitppc/bin/../lib/gcc/powerpc-gekko/4.2.4/../../../../powerpc-gekko/lib\libc.a(lib_a-strncpy.o)
                0x80050420                strncpy
 .text          0x800504fc       0x44 c:/devkitpro/devkitppc/bin/../lib/gcc/powerpc-gekko/4.2.4/../../../../powerpc-gekko/lib\libc.a(lib_a-strnlen.o)
                0x800504fc                strnlen
 .text          0x80050540       0x50 c:/devkitpro/devkitppc/bin/../lib/gcc/powerpc-gekko/4.2.4/../../../../powerpc-gekko/lib\libc.a(lib_a-strpbrk.o)
                0x80050540                strpbrk
 .text          0x80050590       0x84 c:/devkitpro/devkitppc/bin/../lib/gcc/powerpc-gekko/4.2.4/../../../../powerpc-gekko/lib\libc.a(lib_a-strrchr.o)
                0x80050590                strrchr
 .text          0x80050614       0x54 c:/devkitpro/devkitppc/bin/../lib/gcc/powerpc-gekko/4.2.4/../../../../powerpc-gekko/lib\libc.a(lib_a-strstr.o)
                0x80050614                strstr
 .text          0x80050668     0x135c c:/devkitpro/devkitppc/bin/../lib/gcc/powerpc-gekko/4.2.4/../../../../powerpc-gekko/lib\libc.a(lib_a-strtod.o)
                0x800506b4                _strtod_r
                0x800519ac                strtod
                0x80051940                strtof
 .text          0x800519c4      0x1ec c:/devkitpro/devkitppc/bin/../lib/gcc/powerpc-gekko/4.2.4/../../../../powerpc-gekko/lib\libc.a(lib_a-strtoul.o)
                0x80051b90                strtoul
                0x800519c4                _strtoul_r
 .text          0x80051bb0      0x288 c:/devkitpro/devkitppc/bin/../lib/gcc/powerpc-gekko/4.2.4/../../../../powerpc-gekko/lib\libc.a(lib_a-strtoull_r.o)
                0x80051bb0                _strtoull_r
 .text          0x80051e38       0x3c c:/devkitpro/devkitppc/bin/../lib/gcc/powerpc-gekko/4.2.4/../../../../powerpc-gekko/lib\libc.a(lib_a-syswrite.o)
                0x80051e38                write
 .text          0x80051e74      0x720 c:/devkitpro/devkitppc/bin/../lib/gcc/powerpc-gekko/4.2.4/../../../../powerpc-gekko/lib\libc.a(lib_a-towlower.o)
                0x80051e74                towlower
 .text          0x80052594      0x700 c:/devkitpro/devkitppc/bin/../lib/gcc/powerpc-gekko/4.2.4/../../../../powerpc-gekko/lib\libc.a(lib_a-towupper.o)
                0x80052594                towupper
 .text          0x80052c94       0x74 c:/devkitpro/devkitppc/bin/../lib/gcc/powerpc-gekko/4.2.4/../../../../powerpc-gekko/lib\libc.a(lib_a-tzlock.o)
                0x80052c94                __tz_unlock
                0x80052cbc                __tz_lock
 .text          0x80052d08     0x2344 c:/devkitpro/devkitppc/bin/../lib/gcc/powerpc-gekko/4.2.4/../../../../powerpc-gekko/lib\libc.a(lib_a-vfprintf.o)
                0x80052d68                _vfprintf_r
                0x8005502c                vfprintf
 .text          0x8005504c       0x7c c:/devkitpro/devkitppc/bin/../lib/gcc/powerpc-gekko/4.2.4/../../../../powerpc-gekko/lib\libc.a(lib_a-vsprintf.o)
                0x800550a8                vsprintf
                0x8005504c                _vsprintf_r
 .text          0x800550c8      0x15c c:/devkitpro/devkitppc/bin/../lib/gcc/powerpc-gekko/4.2.4/../../../../powerpc-gekko/lib\libc.a(lib_a-wbuf.o)
                0x800550c8                __swbuf_r
                0x8005520c                __swbuf
 .text          0x80055224       0xa4 c:/devkitpro/devkitppc/bin/../lib/gcc/powerpc-gekko/4.2.4/../../../../powerpc-gekko/lib\libc.a(lib_a-wcrtomb.o)
                0x80055224                _wcrtomb_r
                0x800552a8                wcrtomb
 .text          0x800552c8      0x1d8 c:/devkitpro/devkitppc/bin/../lib/gcc/powerpc-gekko/4.2.4/../../../../powerpc-gekko/lib\libc.a(lib_a-wcsrtombs.o)
                0x800552c8                _wcsrtombs_r
                0x80055478                wcsrtombs
 .text          0x800554a0       0x78 c:/devkitpro/devkitppc/bin/../lib/gcc/powerpc-gekko/4.2.4/../../../../powerpc-gekko/lib\libc.a(lib_a-wctob.o)
                0x800554a0                wctob
 .text          0x80055518      0x464 c:/devkitpro/devkitppc/bin/../lib/gcc/powerpc-gekko/4.2.4/../../../../powerpc-gekko/lib\libc.a(lib_a-wctomb_r.o)
                0x80055518                _wctomb_r
 .text          0x8005597c      0x178 c:/devkitpro/devkitppc/bin/../lib/gcc/powerpc-gekko/4.2.4/../../../../powerpc-gekko/lib\libc.a(lib_a-wsetup.o)
                0x8005597c                __swsetup_r
 .text          0x80055af4      0x174 c:/devkitpro/devkitppc/bin/../lib/gcc/powerpc-gekko/4.2.4/../../../../powerpc-gekko/lib\libc.a(lib_a-__atexit.o)
                0x80055af4                __register_exitproc
 .text          0x80055c68      0x1ac c:/devkitpro/devkitppc/bin/../lib/gcc/powerpc-gekko/4.2.4/../../../../powerpc-gekko/lib\libc.a(lib_a-__call_atexit.o)
                0x80055c68                __call_exitprocs
 .text          0x80055e14       0x54 c:/devkitpro/devkitppc/bin/../lib/gcc/powerpc-gekko/4.2.4/../../../../powerpc-gekko/lib\libc.a(lib_a-div.o)
                0x80055e14                div
 .text          0x80055e68     0x1390 c:/devkitpro/devkitppc/bin/../lib/gcc/powerpc-gekko/4.2.4/../../../../powerpc-gekko/lib\libc.a(lib_a-dtoa.o)
                0x800560a4                _dtoa_r
 .text          0x800571f8       0xa4 c:/devkitpro/devkitppc/bin/../lib/gcc/powerpc-gekko/4.2.4/../../../../powerpc-gekko/lib\libc.a(lib_a-flags.o)
                0x800571f8                __sflags
 .text          0x8005729c      0x918 c:/devkitpro/devkitppc/bin/../lib/gcc/powerpc-gekko/4.2.4/../../../../powerpc-gekko/lib\libc.a(lib_a-gdtoa-gethex.o)
                0x800572d4                __hexdig_init
                0x80057430                __gethex
 .text          0x80057bb4      0x330 c:/devkitpro/devkitppc/bin/../lib/gcc/powerpc-gekko/4.2.4/../../../../powerpc-gekko/lib\libc.a(lib_a-gdtoa-hexnan.o)
                0x80057be8                __hexnan
 .text          0x80057ee4        0xc c:/devkitpro/devkitppc/bin/../lib/gcc/powerpc-gekko/4.2.4/../../../../powerpc-gekko/lib\libc.a(lib_a-gettzinfo.o)
                0x80057ee4                __gettzinfo
 .text          0x80057ef0      0x234 c:/devkitpro/devkitppc/bin/../lib/gcc/powerpc-gekko/4.2.4/../../../../powerpc-gekko/lib\libc.a(lib_a-jp2uc.o)
                0x80057ef0                __jp2uc
 .text          0x80058124     0x1114 c:/devkitpro/devkitppc/bin/../lib/gcc/powerpc-gekko/4.2.4/../../../../powerpc-gekko/lib\libc.a(lib_a-mprec.o)
                0x8005858c                _mprec_log10
                0x80058630                __any_on
                0x800586d0                _Balloc
                0x800584c8                __ratio
                0x80058e90                __i2b
                0x80058378                __b2d
                0x80059110                __s2b
                0x80058278                __mcmp
                0x80058148                __hi0bits
                0x80058fe4                __pow5mult
                0x80058af4                __lshift
                0x80058c5c                __multiply
                0x800587a0                __d2b
                0x800585c8                __copybits
                0x800582d8                __ulp
                0x80058948                __mdiff
                0x800581b4                __lo0bits
                0x80058ecc                __multadd
                0x80058124                _Bfree
 .text          0x80059238       0x44 c:/devkitpro/devkitppc/bin/../lib/gcc/powerpc-gekko/4.2.4/../../../../powerpc-gekko/lib\libc.a(lib_a-s_isinfd.o)
                0x80059238                __isinfd
 .text          0x8005927c       0x18 c:/devkitpro/devkitppc/bin/../lib/gcc/powerpc-gekko/4.2.4/../../../../powerpc-gekko/lib\libc.a(lib_a-sf_nan.o)
                0x8005927c                nanf
 .text          0x80059294       0xa0 c:/devkitpro/devkitppc/bin/../lib/gcc/powerpc-gekko/4.2.4/../../../../powerpc-gekko/lib\libsysbase.a(close.o)
                0x80059294                _close_r
 .text          0x80059334       0xc8 c:/devkitpro/devkitppc/bin/../lib/gcc/powerpc-gekko/4.2.4/../../../../powerpc-gekko/lib\libsysbase.a(fstat.o)
                0x80059334                _fstat_r
 .text          0x800593fc        0x8 c:/devkitpro/devkitppc/bin/../lib/gcc/powerpc-gekko/4.2.4/../../../../powerpc-gekko/lib\libsysbase.a(isatty.o)
                0x800593fc                isatty
 .text          0x80059404       0xe8 c:/devkitpro/devkitppc/bin/../lib/gcc/powerpc-gekko/4.2.4/../../../../powerpc-gekko/lib\libsysbase.a(lseek.o)
                0x80059404                _lseek_r
 .text          0x800594ec      0x14c c:/devkitpro/devkitppc/bin/../lib/gcc/powerpc-gekko/4.2.4/../../../../powerpc-gekko/lib\libsysbase.a(open.o)
                0x800594ec                _open_r
 .text          0x80059638       0xcc c:/devkitpro/devkitppc/bin/../lib/gcc/powerpc-gekko/4.2.4/../../../../powerpc-gekko/lib\libsysbase.a(read.o)
                0x80059638                _read_r
 .text          0x80059704       0x50 c:/devkitpro/devkitppc/bin/../lib/gcc/powerpc-gekko/4.2.4/../../../../powerpc-gekko/lib\libsysbase.a(sbrk.o)
                0x80059704                _sbrk_r
 .text          0x80059754       0xcc c:/devkitpro/devkitppc/bin/../lib/gcc/powerpc-gekko/4.2.4/../../../../powerpc-gekko/lib\libsysbase.a(write.o)
                0x80059754                _write_r
 .text          0x80059820       0x6c c:/devkitpro/devkitppc/bin/../lib/gcc/powerpc-gekko/4.2.4/../../../../powerpc-gekko/lib\libsysbase.a(flock.o)
                0x80059844                __flockfile
                0x80059820                __funlockfile
 .text          0x8005988c      0x120 c:/devkitpro/devkitppc/bin/../lib/gcc/powerpc-gekko/4.2.4/../../../../powerpc-gekko/lib\libsysbase.a(handle_manager.o)
                0x80059950                __release_handle
                0x800598b8                __alloc_handle
                0x8005988c                __get_handle
 .text          0x800599ac      0x450 c:/devkitpro/devkitppc/bin/../lib/gcc/powerpc-gekko/4.2.4\libgcc.a(_umoddi3.o)
                0x800599ac                __umoddi3
 .text          0x80059dfc       0x6c c:/devkitpro/devkitppc/bin/../lib/gcc/powerpc-gekko/4.2.4/crtend.o
 *(.text.*)
 .text._Z13doPadPowerOffi
                0x80059e68       0x18 template.o
                0x80059e68                doPadPowerOff(int)
 .text._Z13checkforresetv
                0x80059e80      0x180 template.o
                0x80059e80                checkforreset()
 .text._Z8moveballv
                0x8005a000      0x2b4 template.o
                0x8005a000                moveball()
 .text._Z41__static_initialization_and_destruction_0ii
                0x8005a2b4      0x2b4 template.o
 .text._GLOBAL__I_rows
                0x8005a568       0x10 template.o
 .text.__tcf_2  0x8005a578       0x28 template.o
 .text.__tcf_1  0x8005a5a0       0x28 template.o
 .text.__tcf_0  0x8005a5c8       0x28 template.o
 .text._Z8SetColorv
                0x8005a5f0      0x1d4 template.o
                0x8005a5f0                SetColor()
 .text._Z10bricksetupv
                0x8005a7c4       0xd0 template.o
                0x8005a7c4                bricksetup()
 .text._Z6resetbv
                0x8005a894      0x954 template.o
                0x8005a894                resetb()
 .text._Z9pausegamev
                0x8005b1e8      0x124 template.o
                0x8005b1e8                pausegame()
 .text._Z10updateballv
                0x8005b30c      0x84c template.o
                0x8005b30c                updateball()
 .text._Z14LoadHighscoresv
                0x8005bb58       0x4c template.o
                0x8005bb58                LoadHighscores()
 .text._Z11LoadPatternv
                0x8005bba4       0xa4 template.o
                0x8005bba4                LoadPattern()
 .text._Z11SavePatternv
                0x8005bc48       0x90 template.o
                0x8005bc48                SavePattern()
 .text._Z11leveleditorv
                0x8005bcd8      0x974 template.o
                0x8005bcd8                leveleditor()
 .text._Z14SaveHighscoresv
                0x8005c64c       0x4c template.o
                0x8005c64c                SaveHighscores()
 .text._Z4Menuv
                0x8005c698      0xec8 template.o
                0x8005c698                Menu()
 .text.main     0x8005d560      0xef4 template.o
                0x8005d560                main
 .text._ZN5ColorC1Ev
                0x8005e454       0x14 c:/devkitPRO/libogc/lib/wii\libftimage.a(ftColor.o)
                0x8005e454                Color::Color()
 .text._ZN5ColorC1Ehhh
                0x8005e468       0x10 c:/devkitPRO/libogc/lib/wii\libftimage.a(ftColor.o)
                0x8005e468                Color::Color(unsigned char, unsigned char, unsigned char)
 .text._ZN5ColorD1Ev
                0x8005e478        0x4 c:/devkitPRO/libogc/lib/wii\libftimage.a(ftColor.o)
                0x8005e478                Color::~Color()
 .text._ZN7ftImage6printfEPKcz
                0x8005e47c       0xe0 c:/devkitPRO/libogc/lib/wii\libftimage.a(ftImage.o)
                0x8005e47c                ftImage::printf(char const*, ...)
 .text._ZN7ftImage5resetEv
                0x8005e55c       0x24 c:/devkitPRO/libogc/lib/wii\libftimage.a(ftImage.o)
                0x8005e55c                ftImage::reset()
 .text._ZN7ftImage5clearEv
                0x8005e580       0xc4 c:/devkitPRO/libogc/lib/wii\libftimage.a(ftImage.o)
                0x8005e580                ftImage::clear()
 .text._ZN7ftImage7setFontEPKhj
                0x8005e644       0x24 c:/devkitPRO/libogc/lib/wii\libftimage.a(ftImage.o)
                0x8005e644                ftImage::setFont(unsigned char const*, unsigned int)
 .text._ZN7ftImage8setColorE5Color
                0x8005e668       0x68 c:/devkitPRO/libogc/lib/wii\libftimage.a(ftImage.o)
                0x8005e668                ftImage::setColor(Color)
 .text._ZN7ftImage7setSizeEi
                0x8005e6d0       0x24 c:/devkitPRO/libogc/lib/wii\libftimage.a(ftImage.o)
                0x8005e6d0                ftImage::setSize(int)
 .text._ZN7ftImage5flushEv
                0x8005e6f4       0x20 c:/devkitPRO/libogc/lib/wii\libftimage.a(ftImage.o)
                0x8005e6f4                ftImage::flush()
 .text._ZN7ftImageD0Ev
                0x8005e714       0x40 c:/devkitPRO/libogc/lib/wii\libftimage.a(ftImage.o)
                0x8005e714                ftImage::~ftImage()
 .text._ZN7ftImageD1Ev
                0x8005e754       0x2c c:/devkitPRO/libogc/lib/wii\libftimage.a(ftImage.o)
                0x8005e754                ftImage::~ftImage()
 .text._ZN7ftImageC1Ejj
                0x8005e780       0xb8 c:/devkitPRO/libogc/lib/wii\libftimage.a(ftImage.o)
                0x8005e780                ftImage::ftImage(unsigned int, unsigned int)
 .text._ZN10TextRender8setColorE5Color
                0x8005e838       0x14 c:/devkitPRO/libogc/lib/wii\libftimage.a(ftText.o)
                0x8005e838                TextRender::setColor(Color)
 .text._ZN10TextRender9setBufferEPhii
                0x8005e84c       0x10 c:/devkitPRO/libogc/lib/wii\libftimage.a(ftText.o)
                0x8005e84c                TextRender::setBuffer(unsigned char*, int, int)
 .text._ZN10TextRender5resetEv
                0x8005e85c       0x10 c:/devkitPRO/libogc/lib/wii\libftimage.a(ftText.o)
                0x8005e85c                TextRender::reset()
 .text._ZN10TextRender4BlitEPhiiii
                0x8005e86c      0x104 c:/devkitPRO/libogc/lib/wii\libftimage.a(ftText.o)
                0x8005e86c                TextRender::Blit(unsigned char*, int, int, int, int)
 .text._ZN10TextRender12renderSimpleEPKc
                0x8005e970      0x204 c:/devkitPRO/libogc/lib/wii\libftimage.a(ftText.o)
                0x8005e970                TextRender::renderSimple(char const*)
 .text._ZN10TextRender7setSizeEi
                0x8005eb74       0x48 c:/devkitPRO/libogc/lib/wii\libftimage.a(ftText.o)
                0x8005eb74                TextRender::setSize(int)
 .text._ZN10TextRender7setFontEPKhj
                0x8005ebbc       0x88 c:/devkitPRO/libogc/lib/wii\libftimage.a(ftText.o)
                0x8005ebbc                TextRender::setFont(unsigned char const*, unsigned int)
 .text._ZN10TextRenderD1Ev
                0x8005ec44       0x98 c:/devkitPRO/libogc/lib/wii\libftimage.a(ftText.o)
                0x8005ec44                TextRender::~TextRender()
 .text._ZN10TextRenderC1Ev
                0x8005ecdc       0xac c:/devkitPRO/libogc/lib/wii\libftimage.a(ftText.o)
                0x8005ecdc                TextRender::TextRender()
 .text._ZN9rgbaImage5pixelC1Ev
                0x8005ed88       0x1c c:/devkitPRO/libogc/lib/wii\libftimage.a(rgbaImage.o)
                0x8005ed88                rgbaImage::pixel::pixel()
 .text._ZN9rgbaImage5pixelC1Ehhhh
                0x8005eda4       0x14 c:/devkitPRO/libogc/lib/wii\libftimage.a(rgbaImage.o)
                0x8005eda4                rgbaImage::pixel::pixel(unsigned char, unsigned char, unsigned char, unsigned char)
 .text._ZN9rgbaImage14_convertPixelsEv
                0x8005edb8      0x160 c:/devkitPRO/libogc/lib/wii\libftimage.a(rgbaImage.o)
                0x8005edb8                rgbaImage::_convertPixels()
 .text._ZN9rgbaImage8getpixelEjj
                0x8005ef18       0x54 c:/devkitPRO/libogc/lib/wii\libftimage.a(rgbaImage.o)
                0x8005ef18                rgbaImage::getpixel(unsigned int, unsigned int)
 .text._ZN9rgbaImage6_FlushEv